Archive member included to satisfy reference by file (symbol)

D:\IOT\SDK_1.0.3_NUCLEO-F401RE\lib_stm\libLibraries.a(system_stm32f4xx.o)
                              Src/main.o (SystemCoreClockUpdate)
D:\IOT\SDK_1.0.3_NUCLEO-F401RE\lib_stm\libLibraries.a(stm32f401re_gpio.o)
                              Src/main.o (GPIO_Init)
D:\IOT\SDK_1.0.3_NUCLEO-F401RE\lib_stm\libLibraries.a(stm32f401re_i2c.o)
                              Src/main.o (I2C_Init)
D:\IOT\SDK_1.0.3_NUCLEO-F401RE\lib_stm\libLibraries.a(stm32f401re_rcc.o)
                              D:\IOT\SDK_1.0.3_NUCLEO-F401RE\lib_stm\libLibraries.a(stm32f401re_i2c.o) (RCC_GetClocksFreq)
D:\IOT\SDK_1.0.3_NUCLEO-F401RE\lib_stm\libLibraries.a(stm32f401re_spi.o)
                              Src/main.o (SPI_Init)
D:\IOT\SDK_1.0.3_NUCLEO-F401RE\lib_stm\libLibraries.a(timer.o)
                              Src/main.o (TimerInit)
D:\IOT\SDK_1.0.3_NUCLEO-F401RE\lib_stm\libLibraries.a(temhumsensor.o)
                              Src/main.o (TemHumSensor_Init)
D:\IOT\SDK_1.0.3_NUCLEO-F401RE\lib_stm\libLibraries.a(serial.o)
                              D:\IOT\SDK_1.0.3_NUCLEO-F401RE\lib_stm\libLibraries.a(temhumsensor.o) (Serial_SendPacket)
D:\IOT\SDK_1.0.3_NUCLEO-F401RE\lib_stm\libLibraries.a(Ucglib.o)
                              Src/main.o (Ucglib4WireSWSPI_begin)
D:\IOT\SDK_1.0.3_NUCLEO-F401RE\lib_stm\libLibraries.a(ucg_box.o)
                              Src/main.o (ucg_ClearScreen)
D:\IOT\SDK_1.0.3_NUCLEO-F401RE\lib_stm\libLibraries.a(ucg_ccs.o)
                              D:\IOT\SDK_1.0.3_NUCLEO-F401RE\lib_stm\libLibraries.a(ucg_box.o) (ucg_ccs_init)
D:\IOT\SDK_1.0.3_NUCLEO-F401RE\lib_stm\libLibraries.a(ucg_circle.o)
                              D:\IOT\SDK_1.0.3_NUCLEO-F401RE\lib_stm\libLibraries.a(ucg_box.o) (ucg_DrawCircle)
D:\IOT\SDK_1.0.3_NUCLEO-F401RE\lib_stm\libLibraries.a(ucg_dev_default_cb.o)
                              D:\IOT\SDK_1.0.3_NUCLEO-F401RE\lib_stm\libLibraries.a(Ucglib.o) (ucg_dev_default_cb)
D:\IOT\SDK_1.0.3_NUCLEO-F401RE\lib_stm\libLibraries.a(ucg_dev_ic_st7735.o)
                              D:\IOT\SDK_1.0.3_NUCLEO-F401RE\lib_stm\libLibraries.a(Ucglib.o) (ucg_ext_st7735_18)
D:\IOT\SDK_1.0.3_NUCLEO-F401RE\lib_stm\libLibraries.a(ucg_dev_msg_api.o)
                              D:\IOT\SDK_1.0.3_NUCLEO-F401RE\lib_stm\libLibraries.a(ucg_box.o) (ucg_SetMaxClipRange)
D:\IOT\SDK_1.0.3_NUCLEO-F401RE\lib_stm\libLibraries.a(ucg_dev_tft_128x128_st7735.o)
                              D:\IOT\SDK_1.0.3_NUCLEO-F401RE\lib_stm\libLibraries.a(Ucglib.o) (ucg_dev_st7735_18x128x128)
D:\IOT\SDK_1.0.3_NUCLEO-F401RE\lib_stm\libLibraries.a(ucg_font.o)
                              D:\IOT\SDK_1.0.3_NUCLEO-F401RE\lib_stm\libLibraries.a(Ucglib.o) (ucg_SetFontMode)
D:\IOT\SDK_1.0.3_NUCLEO-F401RE\lib_stm\libLibraries.a(ucg_init.o)
                              D:\IOT\SDK_1.0.3_NUCLEO-F401RE\lib_stm\libLibraries.a(Ucglib.o) (ucg_Init)
D:\IOT\SDK_1.0.3_NUCLEO-F401RE\lib_stm\libLibraries.a(ucg_line.o)
                              D:\IOT\SDK_1.0.3_NUCLEO-F401RE\lib_stm\libLibraries.a(ucg_font.o) (ucg_Draw90Line)
D:\IOT\SDK_1.0.3_NUCLEO-F401RE\lib_stm\libLibraries.a(ucg_pixel.o)
                              Src/main.o (ucg_SetColor)
D:\IOT\SDK_1.0.3_NUCLEO-F401RE\lib_stm\libLibraries.a(ucg_pixel_font_data.o)
                              Src/main.o (ucg_font_ncenR12_hr)
D:\IOT\SDK_1.0.3_NUCLEO-F401RE\lib_stm\libLibraries.a(ucg_rotate.o)
                              Src/main.o (ucg_SetRotate180)
D:\IOT\SDK_1.0.3_NUCLEO-F401RE\lib_stm\libLibraries.a(buff.o)
                              D:\IOT\SDK_1.0.3_NUCLEO-F401RE\lib_stm\libLibraries.a(serial.o) (bufInit)
D:\IOT\SDK_1.0.3_NUCLEO-F401RE\lib_stm\libLibraries.a(utilities.o)
                              D:\IOT\SDK_1.0.3_NUCLEO-F401RE\lib_stm\libLibraries.a(timer.o) (memsetl)
D:\IOT\SDK_1.0.3_NUCLEO-F401RE\lib_stm\libLibraries.a(misc.o)
                              D:\IOT\SDK_1.0.3_NUCLEO-F401RE\lib_stm\libLibraries.a(serial.o) (NVIC_PriorityGroupConfig)
D:\IOT\SDK_1.0.3_NUCLEO-F401RE\lib_stm\libLibraries.a(stm32f401re_usart.o)
                              D:\IOT\SDK_1.0.3_NUCLEO-F401RE\lib_stm\libLibraries.a(serial.o) (USART_Init)
D:\IOT\SDK_1.0.3_NUCLEO-F401RE\lib_stm\libLibraries.a(ucg_clip.o)
                              D:\IOT\SDK_1.0.3_NUCLEO-F401RE\lib_stm\libLibraries.a(ucg_dev_ic_st7735.o) (ucg_clip_is_pixel_visible)
D:\IOT\SDK_1.0.3_NUCLEO-F401RE\lib_stm\libLibraries.a(ucg_com_msg_api.o)
                              D:\IOT\SDK_1.0.3_NUCLEO-F401RE\lib_stm\libLibraries.a(ucg_dev_ic_st7735.o) (ucg_com_PowerUp)
c:/st/stm32cubeide_1.6.0/stm32cubeide/plugins/com.st.stm32cube.ide.mcu.externaltools.gnu-tools-for-stm32.9-2020-q2-update.win32_1.5.0.202011040924/tools/bin/../lib/gcc/arm-none-eabi/9.3.1/../../../../arm-none-eabi/lib/thumb/v7e-m+fp/hard\libc_nano.a(lib_a-errno.o)
                              Src/syscalls.o (__errno)
[...]
Memory Configuration

Name             Origin             Length             Attributes
RAM              0x0000000020000000 0x0000000000018000 xrw
FLASH            0x0000000008000000 0x0000000000080000 xr
*default*        0x0000000000000000 0xffffffffffffffff

Linker script and memory map

LOAD c:/st/stm32cubeide_1.6.0/stm32cubeide/plugins/com.st.stm32cube.ide.mcu.externaltools.gnu-tools-for-stm32.9-2020-q2-update.win32_1.5.0.202011040924/tools/bin/../lib/gcc/arm-none-eabi/9.3.1/thumb/v7e-m+fp/hard/crti.o
LOAD c:/st/stm32cubeide_1.6.0/stm32cubeide/plugins/com.st.stm32cube.ide.mcu.externaltools.gnu-tools-for-stm32.9-2020-q2-update.win32_1.5.0.202011040924/tools/bin/../lib/gcc/arm-none-eabi/9.3.1/thumb/v7e-m+fp/hard/crtbegin.o
LOAD c:/st/stm32cubeide_1.6.0/stm32cubeide/plugins/com.st.stm32cube.ide.mcu.externaltools.gnu-tools-for-stm32.9-2020-q2-update.win32_1.5.0.202011040924/tools/bin/../lib/gcc/arm-none-eabi/9.3.1/../../../../arm-none-eabi/lib/thumb/v7e-m+fp/hard/crt0.o
LOAD Kalman_filter/kalman_filter.o
LOAD Src/main.o
LOAD Src/syscalls.o
LOAD Src/sysmem.o
LOAD Startup/startup_stm32f401retx.o
LOAD D:\IOT\SDK_1.0.3_NUCLEO-F401RE\lib_stm\libLibraries.a
START GROUP
LOAD D:\IOT\SDK_1.0.3_NUCLEO-F401RE\lib_stm\libLibraries.a
END GROUP
START GROUP
LOAD c:/st/stm32cubeide_1.6.0/stm32cubeide/plugins/com.st.stm32cube.ide.mcu.externaltools.gnu-tools-for-stm32.9-2020-q2-update.win32_1.5.0.202011040924/tools/bin/../lib/gcc/arm-none-eabi/9.3.1/../../../../arm-none-eabi/lib/thumb/v7e-m+fp/hard\libc_nano.a
LOAD c:/st/stm32cubeide_1.6.0/stm32cubeide/plugins/com.st.stm32cube.ide.mcu.externaltools.gnu-tools-for-stm32.9-2020-q2-update.win32_1.5.0.202011040924/tools/bin/../lib/gcc/arm-none-eabi/9.3.1/../../../../arm-none-eabi/lib/thumb/v7e-m+fp/hard\libm.a
END GROUP
START GROUP
LOAD c:/st/stm32cubeide_1.6.0/stm32cubeide/plugins/com.st.stm32cube.ide.mcu.externaltools.gnu-tools-for-stm32.9-2020-q2-update.win32_1.5.0.202011040924/tools/bin/../lib/gcc/arm-none-eabi/9.3.1/thumb/v7e-m+fp/hard\libgcc.a
LOAD c:/st/stm32cubeide_1.6.0/stm32cubeide/plugins/com.st.stm32cube.ide.mcu.externaltools.gnu-tools-for-stm32.9-2020-q2-update.win32_1.5.0.202011040924/tools/bin/../lib/gcc/arm-none-eabi/9.3.1/../../../../arm-none-eabi/lib/thumb/v7e-m+fp/hard\libc_nano.a
END GROUP
START GROUP
LOAD c:/st/stm32cubeide_1.6.0/stm32cubeide/plugins/com.st.stm32cube.ide.mcu.externaltools.gnu-tools-for-stm32.9-2020-q2-update.win32_1.5.0.202011040924/tools/bin/../lib/gcc/arm-none-eabi/9.3.1/thumb/v7e-m+fp/hard\libgcc.a
LOAD c:/st/stm32cubeide_1.6.0/stm32cubeide/plugins/com.st.stm32cube.ide.mcu.externaltools.gnu-tools-for-stm32.9-2020-q2-update.win32_1.5.0.202011040924/tools/bin/../lib/gcc/arm-none-eabi/9.3.1/../../../../arm-none-eabi/lib/thumb/v7e-m+fp/hard\libc_nano.a
LOAD c:/st/stm32cubeide_1.6.0/stm32cubeide/plugins/com.st.stm32cube.ide.mcu.externaltools.gnu-tools-for-stm32.9-2020-q2-update.win32_1.5.0.202011040924/tools/bin/../lib/gcc/arm-none-eabi/9.3.1/../../../../arm-none-eabi/lib/thumb/v7e-m+fp/hard\libnosys.a
END GROUP
START GROUP
LOAD c:/st/stm32cubeide_1.6.0/stm32cubeide/plugins/com.st.stm32cube.ide.mcu.externaltools.gnu-tools-for-stm32.9-2020-q2-update.win32_1.5.0.202011040924/tools/bin/../lib/gcc/arm-none-eabi/9.3.1/thumb/v7e-m+fp/hard\libgcc.a
LOAD c:/st/stm32cubeide_1.6.0/stm32cubeide/plugins/com.st.stm32cube.ide.mcu.externaltools.gnu-tools-for-stm32.9-2020-q2-update.win32_1.5.0.202011040924/tools/bin/../lib/gcc/arm-none-eabi/9.3.1/../../../../arm-none-eabi/lib/thumb/v7e-m+fp/hard\libc_nano.a
LOAD c:/st/stm32cubeide_1.6.0/stm32cubeide/plugins/com.st.stm32cube.ide.mcu.externaltools.gnu-tools-for-stm32.9-2020-q2-update.win32_1.5.0.202011040924/tools/bin/../lib/gcc/arm-none-eabi/9.3.1/../../../../arm-none-eabi/lib/thumb/v7e-m+fp/hard\libnosys.a
END GROUP
LOAD c:/st/stm32cubeide_1.6.0/stm32cubeide/plugins/com.st.stm32cube.ide.mcu.externaltools.gnu-tools-for-stm32.9-2020-q2-update.win32_1.5.0.202011040924/tools/bin/../lib/gcc/arm-none-eabi/9.3.1/thumb/v7e-m+fp/hard/crtend.o
LOAD c:/st/stm32cubeide_1.6.0/stm32cubeide/plugins/com.st.stm32cube.ide.mcu.externaltools.gnu-tools-for-stm32.9-2020-q2-update.win32_1.5.0.202011040924/tools/bin/../lib/gcc/arm-none-eabi/9.3.1/thumb/v7e-m+fp/hard/crtn.o
                0x0000000020018000                _estack = (ORIGIN (RAM) + LENGTH (RAM))
                0x0000000000000200                _Min_Heap_Size = 0x200
                0x0000000000000400                _Min_Stack_Size = 0x400

.isr_vector     0x0000000008000000      0x194
                0x0000000008000000                . = ALIGN (0x4)
 *(.isr_vector)
 .isr_vector    0x0000000008000000      0x194 Startup/startup_stm32f401retx.o
                0x0000000008000000                g_pfnVectors
                0x0000000008000194                . = ALIGN (0x4)

.text           0x00000000080001a0     0x5104
                0x00000000080001a0                . = ALIGN (0x4)
 *(.text)
 .text          0x00000000080001a0       0x40 c:/st/stm32cubeide_1.6.0/stm32cubeide/plugins/com.st.stm32cube.ide.mcu.externaltools.gnu-tools-for-stm32.9-2020-q2-update.win32_1.5.0.202011040924/tools/bin/../lib/gcc/arm-none-eabi/9.3.1/thumb/v7e-m+fp/hard/crtbegin.o
 .text          0x00000000080001e0       0xa0 c:/st/stm32cubeide_1.6.0/stm32cubeide/plugins/com.st.stm32cube.ide.mcu.externaltools.gnu-tools-for-stm32.9-2020-q2-update.win32_1.5.0.202011040924/tools/bin/../lib/gcc/arm-none-eabi/9.3.1/../../../../arm-none-eabi/lib/thumb/v7e-m+fp/hard\libc_nano.a(lib_a-memchr.o)
                0x00000000080001e0                memchr
 .text          0x0000000008000280      0x254 c:/st/stm32cubeide_1.6.0/stm32cubeide/plugins/com.st.stm32cube.ide.mcu.externaltools.gnu-tools-for-stm32.9-2020-q2-update.win32_1.5.0.202011040924/tools/bin/../lib/gcc/arm-none-eabi/9.3.1/thumb/v7e-m+fp/hard\libgcc.a(_arm_muldf3.o)
                0x0000000008000280                __muldf3
                0x0000000008000280                __aeabi_dmul
 .text          0x00000000080004d4      0x378 c:/st/stm32cubeide_1.6.0/stm32cubeide/plugins/com.st.stm32cube.ide.mcu.externaltools.gnu-tools-for-stm32.9-2020-q2-update.win32_1.5.0.202011040924/tools/bin/../lib/gcc/arm-none-eabi/9.3.1/thumb/v7e-m+fp/hard\libgcc.a(_arm_addsubdf3.o)
                0x00000000080004d4                __aeabi_drsub
                0x00000000080004dc                __aeabi_dsub
                0x00000000080004dc                __subdf3
                0x00000000080004e0                __aeabi_dadd
                0x00000000080004e0                __adddf3
                0x0000000008000758                __floatunsidf
                0x0000000008000758                __aeabi_ui2d
                0x0000000008000778                __floatsidf
                0x0000000008000778                __aeabi_i2d
                0x000000000800079c                __aeabi_f2d
                0x000000000800079c                __extendsfdf2
                0x00000000080007e0                __floatundidf
                0x00000000080007e0                __aeabi_ul2d
                0x00000000080007f0                __floatdidf
                0x00000000080007f0                __aeabi_l2d
 .text          0x000000000800084c       0xa0 c:/st/stm32cubeide_1.6.0/stm32cubeide/plugins/com.st.stm32cube.ide.mcu.externaltools.gnu-tools-for-stm32.9-2020-q2-update.win32_1.5.0.202011040924/tools/bin/../lib/gcc/arm-none-eabi/9.3.1/thumb/v7e-m+fp/hard\libgcc.a(_arm_truncdfsf2.o)
                0x000000000800084c                __truncdfsf2
                0x000000000800084c                __aeabi_d2f
 *(.text*)
 .text.KalmanFilterInit
                0x00000000080008ec       0x3c Kalman_filter/kalman_filter.o
                0x00000000080008ec                KalmanFilterInit
 .text.KalmanFilter_updateEstimate
                0x0000000008000928      0x120 Kalman_filter/kalman_filter.o
                0x0000000008000928                KalmanFilter_updateEstimate
 .text.SPI1_Init
                0x0000000008000a48       0xac Src/main.o
                0x0000000008000a48                SPI1_Init
 .text.I2C1_Init
                0x0000000008000af4       0x94 Src/main.o
                0x0000000008000af4                I2C1_Init
 .text.I2C_Start
                0x0000000008000b88       0x3c Src/main.o
 .text.I2C_SendAddress
                0x0000000008000bc4       0x6c Src/main.o
 .text.I2C_Transmit
                0x0000000008000c30       0x38 Src/main.o
 .text.I2C_Stop
                0x0000000008000c68       0x14 Src/main.o
                0x0000000008000c68                I2C_Stop
 .text.I2C_Receive_ACK
                0x0000000008000c7c       0x30 Src/main.o
                0x0000000008000c7c                I2C_Receive_ACK
 .text.I2C_Receive_NACK
                0x0000000008000cac       0x30 Src/main.o
                0x0000000008000cac                I2C_Receive_NACK
 .text.Delay_ms
                0x0000000008000cdc       0x40 Src/main.o
                0x0000000008000cdc                Delay_ms
 .text.TemHumSensor_readRegister
                0x0000000008000d1c       0x72 Src/main.o
                0x0000000008000d1c                TemHumSensor_readRegister
 *fill*         0x0000000008000d8e        0x2 
 .text.TemHumSensor_GetTempValue
                0x0000000008000d90       0x84 Src/main.o
                0x0000000008000d90                TemHumSensor_GetTempValue
 .text.TemHumSensor_GetHumiValue
                0x0000000008000e14       0x50 Src/main.o
                0x0000000008000e14                TemHumSensor_GetHumiValue
 .text.Display_TemHum
                0x0000000008000e64      0x124 Src/main.o
                0x0000000008000e64                Display_TemHum
 .text.Kalman_filter
                0x0000000008000f88       0x22 Src/main.o
                0x0000000008000f88                Kalman_filter
 *fill*         0x0000000008000faa        0x2 
 .text.processGetValueSensor
                0x0000000008000fac       0x74 Src/main.o
                0x0000000008000fac                processGetValueSensor
 .text.main     0x0000000008001020       0x88 Src/main.o
                0x0000000008001020                main
 .text._sbrk    0x00000000080010a8       0x6c Src/sysmem.o
                0x00000000080010a8                _sbrk
 .text.Reset_Handler
                0x0000000008001114       0x50 Startup/startup_stm32f401retx.o
                0x0000000008001114                Reset_Handler
 .text.Default_Handler
                0x0000000008001164        0x2 Startup/startup_stm32f401retx.o
                0x0000000008001164                RTC_Alarm_IRQHandler
                0x0000000008001164                EXTI2_IRQHandler
                0x0000000008001164                DebugMon_Handler
                0x0000000008001164                SPI4_IRQHandler
                0x0000000008001164                TIM1_CC_IRQHandler
                0x0000000008001164                HardFault_Handler
                0x0000000008001164                PVD_IRQHandler
                0x0000000008001164                SDIO_IRQHandler
                0x0000000008001164                TAMP_STAMP_IRQHandler
                0x0000000008001164                PendSV_Handler
                0x0000000008001164                NMI_Handler
                0x0000000008001164                EXTI3_IRQHandler
                0x0000000008001164                TIM1_UP_TIM10_IRQHandler
                0x0000000008001164                I2C3_ER_IRQHandler
                0x0000000008001164                EXTI0_IRQHandler
                0x0000000008001164                I2C2_EV_IRQHandler
                0x0000000008001164                FPU_IRQHandler
                0x0000000008001164                UsageFault_Handler
                0x0000000008001164                SPI1_IRQHandler
                0x0000000008001164                TIM1_BRK_TIM9_IRQHandler
                0x0000000008001164                I2C1_EV_IRQHandler
                0x0000000008001164                TIM3_IRQHandler
                0x0000000008001164                RCC_IRQHandler
                0x0000000008001164                Default_Handler
                0x0000000008001164                EXTI15_10_IRQHandler
                0x0000000008001164                ADC_IRQHandler
                0x0000000008001164                I2C3_EV_IRQHandler
                0x0000000008001164                EXTI9_5_IRQHandler
                0x0000000008001164                RTC_WKUP_IRQHandler
                0x0000000008001164                SPI2_IRQHandler
                0x0000000008001164                MemManage_Handler
                0x0000000008001164                SVC_Handler
                0x0000000008001164                EXTI4_IRQHandler
                0x0000000008001164                TIM2_IRQHandler
                0x0000000008001164                OTG_FS_WKUP_IRQHandler
                0x0000000008001164                TIM1_TRG_COM_TIM11_IRQHandler
                0x0000000008001164                EXTI1_IRQHandler
                0x0000000008001164                I2C2_ER_IRQHandler
                0x0000000008001164                FLASH_IRQHandler
                0x0000000008001164                BusFault_Handler
                0x0000000008001164                OTG_FS_IRQHandler
                0x0000000008001164                SPI3_IRQHandler
                0x0000000008001164                I2C1_ER_IRQHandler
 *fill*         0x0000000008001166        0x2 
 .text.SystemInit
                0x0000000008001168       0x6c D:\IOT\SDK_1.0.3_NUCLEO-F401RE\lib_stm\libLibraries.a(system_stm32f4xx.o)
                0x0000000008001168                SystemInit
 .text.SystemCoreClockUpdate
                0x00000000080011d4       0xf8 D:\IOT\SDK_1.0.3_NUCLEO-F401RE\lib_stm\libLibraries.a(system_stm32f4xx.o)
                0x00000000080011d4                SystemCoreClockUpdate
 .text.SetSysClock
                0x00000000080012cc       0xa0 D:\IOT\SDK_1.0.3_NUCLEO-F401RE\lib_stm\libLibraries.a(system_stm32f4xx.o)
 .text.GPIO_Init
                0x000000000800136c      0x11c D:\IOT\SDK_1.0.3_NUCLEO-F401RE\lib_stm\libLibraries.a(stm32f401re_gpio.o)
                0x000000000800136c                GPIO_Init
 .text.GPIO_WriteBit
                0x0000000008001488       0x30 D:\IOT\SDK_1.0.3_NUCLEO-F401RE\lib_stm\libLibraries.a(stm32f401re_gpio.o)
                0x0000000008001488                GPIO_WriteBit
 .text.GPIO_PinAFConfig
                0x00000000080014b8       0x92 D:\IOT\SDK_1.0.3_NUCLEO-F401RE\lib_stm\libLibraries.a(stm32f401re_gpio.o)
                0x00000000080014b8                GPIO_PinAFConfig
 *fill*         0x000000000800154a        0x2 
 .text.I2C_Init
                0x000000000800154c      0x184 D:\IOT\SDK_1.0.3_NUCLEO-F401RE\lib_stm\libLibraries.a(stm32f401re_i2c.o)
                0x000000000800154c                I2C_Init
 .text.I2C_Cmd  0x00000000080016d0       0x40 D:\IOT\SDK_1.0.3_NUCLEO-F401RE\lib_stm\libLibraries.a(stm32f401re_i2c.o)
                0x00000000080016d0                I2C_Cmd
 .text.I2C_GenerateSTART
                0x0000000008001710       0x40 D:\IOT\SDK_1.0.3_NUCLEO-F401RE\lib_stm\libLibraries.a(stm32f401re_i2c.o)
                0x0000000008001710                I2C_GenerateSTART
 .text.I2C_GenerateSTOP
                0x0000000008001750       0x40 D:\IOT\SDK_1.0.3_NUCLEO-F401RE\lib_stm\libLibraries.a(stm32f401re_i2c.o)
                0x0000000008001750                I2C_GenerateSTOP
 .text.I2C_Send7bitAddress
                0x0000000008001790       0x3c D:\IOT\SDK_1.0.3_NUCLEO-F401RE\lib_stm\libLibraries.a(stm32f401re_i2c.o)
                0x0000000008001790                I2C_Send7bitAddress
 .text.I2C_AcknowledgeConfig
                0x00000000080017cc       0x40 D:\IOT\SDK_1.0.3_NUCLEO-F401RE\lib_stm\libLibraries.a(stm32f401re_i2c.o)
                0x00000000080017cc                I2C_AcknowledgeConfig
 .text.I2C_SendData
                0x000000000800180c       0x20 D:\IOT\SDK_1.0.3_NUCLEO-F401RE\lib_stm\libLibraries.a(stm32f401re_i2c.o)
                0x000000000800180c                I2C_SendData
 .text.I2C_ReceiveData
                0x000000000800182c       0x1c D:\IOT\SDK_1.0.3_NUCLEO-F401RE\lib_stm\libLibraries.a(stm32f401re_i2c.o)
                0x000000000800182c                I2C_ReceiveData
 .text.I2C_CheckEvent
                0x0000000008001848       0x60 D:\IOT\SDK_1.0.3_NUCLEO-F401RE\lib_stm\libLibraries.a(stm32f401re_i2c.o)
                0x0000000008001848                I2C_CheckEvent
 .text.I2C_GetFlagStatus
                0x00000000080018a8       0x66 D:\IOT\SDK_1.0.3_NUCLEO-F401RE\lib_stm\libLibraries.a(stm32f401re_i2c.o)
                0x00000000080018a8                I2C_GetFlagStatus
 *fill*         0x000000000800190e        0x2 
 .text.RCC_GetClocksFreq
                0x0000000008001910      0x150 D:\IOT\SDK_1.0.3_NUCLEO-F401RE\lib_stm\libLibraries.a(stm32f401re_rcc.o)
                0x0000000008001910                RCC_GetClocksFreq
 .text.RCC_AHB1PeriphClockCmd
                0x0000000008001a60       0x40 D:\IOT\SDK_1.0.3_NUCLEO-F401RE\lib_stm\libLibraries.a(stm32f401re_rcc.o)
                0x0000000008001a60                RCC_AHB1PeriphClockCmd
 .text.RCC_APB1PeriphClockCmd
                0x0000000008001aa0       0x40 D:\IOT\SDK_1.0.3_NUCLEO-F401RE\lib_stm\libLibraries.a(stm32f401re_rcc.o)
                0x0000000008001aa0                RCC_APB1PeriphClockCmd
 .text.RCC_APB2PeriphClockCmd
                0x0000000008001ae0       0x40 D:\IOT\SDK_1.0.3_NUCLEO-F401RE\lib_stm\libLibraries.a(stm32f401re_rcc.o)
                0x0000000008001ae0                RCC_APB2PeriphClockCmd
 .text.SPI_Init
                0x0000000008001b20       0x88 D:\IOT\SDK_1.0.3_NUCLEO-F401RE\lib_stm\libLibraries.a(stm32f401re_spi.o)
                0x0000000008001b20                SPI_Init
 .text.SPI_Cmd  0x0000000008001ba8       0x40 D:\IOT\SDK_1.0.3_NUCLEO-F401RE\lib_stm\libLibraries.a(stm32f401re_spi.o)
                0x0000000008001ba8                SPI_Cmd
 .text.NVIC_SetPriority
                0x0000000008001be8       0x54 D:\IOT\SDK_1.0.3_NUCLEO-F401RE\lib_stm\libLibraries.a(timer.o)
 .text.SysTick_Config
                0x0000000008001c3c       0x44 D:\IOT\SDK_1.0.3_NUCLEO-F401RE\lib_stm\libLibraries.a(timer.o)
 .text.TimerInit
                0x0000000008001c80       0x44 D:\IOT\SDK_1.0.3_NUCLEO-F401RE\lib_stm\libLibraries.a(timer.o)
                0x0000000008001c80                TimerInit
 .text.TimerStart
                0x0000000008001cc4       0xc4 D:\IOT\SDK_1.0.3_NUCLEO-F401RE\lib_stm\libLibraries.a(timer.o)
                0x0000000008001cc4                TimerStart
 .text.TimerStop
                0x0000000008001d88       0xa0 D:\IOT\SDK_1.0.3_NUCLEO-F401RE\lib_stm\libLibraries.a(timer.o)
                0x0000000008001d88                TimerStop
 .text.GetMilSecTick
                0x0000000008001e28       0x18 D:\IOT\SDK_1.0.3_NUCLEO-F401RE\lib_stm\libLibraries.a(timer.o)
                0x0000000008001e28                GetMilSecTick
 .text.processTimerScheduler
                0x0000000008001e40       0xf0 D:\IOT\SDK_1.0.3_NUCLEO-F401RE\lib_stm\libLibraries.a(timer.o)
                0x0000000008001e40                processTimerScheduler
 .text.TimeExpired
                0x0000000008001f30       0xcc D:\IOT\SDK_1.0.3_NUCLEO-F401RE\lib_stm\libLibraries.a(timer.o)
 .text.SysTick_Handler
                0x0000000008001ffc       0x1c D:\IOT\SDK_1.0.3_NUCLEO-F401RE\lib_stm\libLibraries.a(timer.o)
                0x0000000008001ffc                SysTick_Handler
 .text.TemHumSensor_Init
                0x0000000008002018        0xc D:\IOT\SDK_1.0.3_NUCLEO-F401RE\lib_stm\libLibraries.a(temhumsensor.o)
                0x0000000008002018                TemHumSensor_Init
 .text.TemHumSensor_GetTemp
                0x0000000008002024       0x7c D:\IOT\SDK_1.0.3_NUCLEO-F401RE\lib_stm\libLibraries.a(temhumsensor.o)
                0x0000000008002024                TemHumSensor_GetTemp
 .text.TemHumSensor_GetHumi
                0x00000000080020a0       0x78 D:\IOT\SDK_1.0.3_NUCLEO-F401RE\lib_stm\libLibraries.a(temhumsensor.o)
                0x00000000080020a0                TemHumSensor_GetHumi
 .text.CalculateCRC8
                0x0000000008002118       0x86 D:\IOT\SDK_1.0.3_NUCLEO-F401RE\lib_stm\libLibraries.a(temhumsensor.o)
 *fill*         0x000000000800219e        0x2 
 .text.i2c_config
                0x00000000080021a0       0x94 D:\IOT\SDK_1.0.3_NUCLEO-F401RE\lib_stm\libLibraries.a(temhumsensor.o)
                0x00000000080021a0                i2c_config
 .text.i2c_read_reg_expand
                0x0000000008002234       0xac D:\IOT\SDK_1.0.3_NUCLEO-F401RE\lib_stm\libLibraries.a(temhumsensor.o)
                0x0000000008002234                i2c_read_reg_expand
 .text.i2c_start
                0x00000000080022e0       0x3c D:\IOT\SDK_1.0.3_NUCLEO-F401RE\lib_stm\libLibraries.a(temhumsensor.o)
                0x00000000080022e0                i2c_start
 .text.i2c_stop
                0x000000000800231c       0x14 D:\IOT\SDK_1.0.3_NUCLEO-F401RE\lib_stm\libLibraries.a(temhumsensor.o)
                0x000000000800231c                i2c_stop
 .text.i2c_address_direction
                0x0000000008002330       0x60 D:\IOT\SDK_1.0.3_NUCLEO-F401RE\lib_stm\libLibraries.a(temhumsensor.o)
                0x0000000008002330                i2c_address_direction
 .text.i2c_transmit
                0x0000000008002390       0x34 D:\IOT\SDK_1.0.3_NUCLEO-F401RE\lib_stm\libLibraries.a(temhumsensor.o)
                0x0000000008002390                i2c_transmit
 .text.i2c_receive_ack
                0x00000000080023c4       0x30 D:\IOT\SDK_1.0.3_NUCLEO-F401RE\lib_stm\libLibraries.a(temhumsensor.o)
                0x00000000080023c4                i2c_receive_ack
 .text.i2c_receive_nack
                0x00000000080023f4       0x30 D:\IOT\SDK_1.0.3_NUCLEO-F401RE\lib_stm\libLibraries.a(temhumsensor.o)
                0x00000000080023f4                i2c_receive_nack
 .text.delayMicroseconds
                0x0000000008002424       0x14 D:\IOT\SDK_1.0.3_NUCLEO-F401RE\lib_stm\libLibraries.a(Ucglib.o)
 .text.ucg_gpio_init
                0x0000000008002438       0x60 D:\IOT\SDK_1.0.3_NUCLEO-F401RE\lib_stm\libLibraries.a(Ucglib.o)
 .text.ucg_com_arduino_send_generic_SW_SPI
                0x0000000008002498       0x74 D:\IOT\SDK_1.0.3_NUCLEO-F401RE\lib_stm\libLibraries.a(Ucglib.o)
 .text.ucg_com_arduino_generic_SW_SPI
                0x000000000800250c      0x1ec D:\IOT\SDK_1.0.3_NUCLEO-F401RE\lib_stm\libLibraries.a(Ucglib.o)
 .text.Ucglib4WireSWSPI_begin
                0x00000000080026f8       0x38 D:\IOT\SDK_1.0.3_NUCLEO-F401RE\lib_stm\libLibraries.a(Ucglib.o)
                0x00000000080026f8                Ucglib4WireSWSPI_begin
 .text.ucg_DrawBox
                0x0000000008002730       0x56 D:\IOT\SDK_1.0.3_NUCLEO-F401RE\lib_stm\libLibraries.a(ucg_box.o)
                0x0000000008002730                ucg_DrawBox
 .text.ucg_ClearScreen
                0x0000000008002786       0x50 D:\IOT\SDK_1.0.3_NUCLEO-F401RE\lib_stm\libLibraries.a(ucg_box.o)
                0x0000000008002786                ucg_ClearScreen
 .text.ucg_ccs_init
                0x00000000080027d6       0xc0 D:\IOT\SDK_1.0.3_NUCLEO-F401RE\lib_stm\libLibraries.a(ucg_ccs.o)
                0x00000000080027d6                ucg_ccs_init
 .text.ucg_ccs_step
                0x0000000008002896       0x80 D:\IOT\SDK_1.0.3_NUCLEO-F401RE\lib_stm\libLibraries.a(ucg_ccs.o)
                0x0000000008002896                ucg_ccs_step
 .text.ucg_ccs_seek
                0x0000000008002916       0xca D:\IOT\SDK_1.0.3_NUCLEO-F401RE\lib_stm\libLibraries.a(ucg_ccs.o)
                0x0000000008002916                ucg_ccs_seek
 .text.ucg_dev_default_cb
                0x00000000080029e0       0x44 D:\IOT\SDK_1.0.3_NUCLEO-F401RE\lib_stm\libLibraries.a(ucg_dev_default_cb.o)
                0x00000000080029e0                ucg_dev_default_cb
 .text.ucg_ext_none
                0x0000000008002a24       0x1c D:\IOT\SDK_1.0.3_NUCLEO-F401RE\lib_stm\libLibraries.a(ucg_dev_default_cb.o)
                0x0000000008002a24                ucg_ext_none
 .text.ucg_handle_st7735_l90fx
                0x0000000008002a40       0xd8 D:\IOT\SDK_1.0.3_NUCLEO-F401RE\lib_stm\libLibraries.a(ucg_dev_ic_st7735.o)
                0x0000000008002a40                ucg_handle_st7735_l90fx
 .text.ucg_handle_st7735_l90se
                0x0000000008002b18      0x154 D:\IOT\SDK_1.0.3_NUCLEO-F401RE\lib_stm\libLibraries.a(ucg_dev_ic_st7735.o)
                0x0000000008002b18                ucg_handle_st7735_l90se
 .text.ucg_dev_ic_st7735_18
                0x0000000008002c6c       0xf8 D:\IOT\SDK_1.0.3_NUCLEO-F401RE\lib_stm\libLibraries.a(ucg_dev_ic_st7735.o)
                0x0000000008002c6c                ucg_dev_ic_st7735_18
 .text.ucg_ext_st7735_18
                0x0000000008002d64       0x28 D:\IOT\SDK_1.0.3_NUCLEO-F401RE\lib_stm\libLibraries.a(ucg_dev_ic_st7735.o)
                0x0000000008002d64                ucg_ext_st7735_18
 .text.ucg_PowerDown
                0x0000000008002d8c       0x34 D:\IOT\SDK_1.0.3_NUCLEO-F401RE\lib_stm\libLibraries.a(ucg_dev_msg_api.o)
                0x0000000008002d8c                ucg_PowerDown
 .text.ucg_PowerUp
                0x0000000008002dc0       0x3c D:\IOT\SDK_1.0.3_NUCLEO-F401RE\lib_stm\libLibraries.a(ucg_dev_msg_api.o)
                0x0000000008002dc0                ucg_PowerUp
 .text.ucg_SetClipBox
                0x0000000008002dfc       0x1e D:\IOT\SDK_1.0.3_NUCLEO-F401RE\lib_stm\libLibraries.a(ucg_dev_msg_api.o)
                0x0000000008002dfc                ucg_SetClipBox
 .text.ucg_SetMaxClipRange
                0x0000000008002e1a       0x30 D:\IOT\SDK_1.0.3_NUCLEO-F401RE\lib_stm\libLibraries.a(ucg_dev_msg_api.o)
                0x0000000008002e1a                ucg_SetMaxClipRange
 .text.ucg_GetDimension
                0x0000000008002e4a       0x24 D:\IOT\SDK_1.0.3_NUCLEO-F401RE\lib_stm\libLibraries.a(ucg_dev_msg_api.o)
                0x0000000008002e4a                ucg_GetDimension
 .text.ucg_DrawL90FXWithArg
                0x0000000008002e6e       0x1e D:\IOT\SDK_1.0.3_NUCLEO-F401RE\lib_stm\libLibraries.a(ucg_dev_msg_api.o)
                0x0000000008002e6e                ucg_DrawL90FXWithArg
 .text.ucg_dev_st7735_18x128x128
                0x0000000008002e8c       0x80 D:\IOT\SDK_1.0.3_NUCLEO-F401RE\lib_stm\libLibraries.a(ucg_dev_tft_128x128_st7735.o)
                0x0000000008002e8c                ucg_dev_st7735_18x128x128
 .text.ucg_font_get_byte
                0x0000000008002f0c       0x24 D:\IOT\SDK_1.0.3_NUCLEO-F401RE\lib_stm\libLibraries.a(ucg_font.o)
 .text.ucg_font_get_word
                0x0000000008002f30       0x40 D:\IOT\SDK_1.0.3_NUCLEO-F401RE\lib_stm\libLibraries.a(ucg_font.o)
 .text.ucg_read_font_info
                0x0000000008002f70      0x142 D:\IOT\SDK_1.0.3_NUCLEO-F401RE\lib_stm\libLibraries.a(ucg_font.o)
                0x0000000008002f70                ucg_read_font_info
 .text.ucg_font_decode_get_unsigned_bits
                0x00000000080030b2       0x96 D:\IOT\SDK_1.0.3_NUCLEO-F401RE\lib_stm\libLibraries.a(ucg_font.o)
                0x00000000080030b2                ucg_font_decode_get_unsigned_bits
 .text.ucg_font_decode_get_signed_bits
                0x0000000008003148       0x46 D:\IOT\SDK_1.0.3_NUCLEO-F401RE\lib_stm\libLibraries.a(ucg_font.o)
                0x0000000008003148                ucg_font_decode_get_signed_bits
 .text.ucg_add_vector_y
                0x000000000800318e       0x7a D:\IOT\SDK_1.0.3_NUCLEO-F401RE\lib_stm\libLibraries.a(ucg_font.o)
 .text.ucg_add_vector_x
                0x0000000008003208       0x7a D:\IOT\SDK_1.0.3_NUCLEO-F401RE\lib_stm\libLibraries.a(ucg_font.o)
 .text.ucg_font_decode_len
                0x0000000008003282      0x118 D:\IOT\SDK_1.0.3_NUCLEO-F401RE\lib_stm\libLibraries.a(ucg_font.o)
                0x0000000008003282                ucg_font_decode_len
 .text.ucg_font_setup_decode
                0x000000000800339a       0x64 D:\IOT\SDK_1.0.3_NUCLEO-F401RE\lib_stm\libLibraries.a(ucg_font.o)
 .text.ucg_font_decode_glyph
                0x00000000080033fe      0x14c D:\IOT\SDK_1.0.3_NUCLEO-F401RE\lib_stm\libLibraries.a(ucg_font.o)
                0x00000000080033fe                ucg_font_decode_glyph
 .text.ucg_font_get_glyph_data
                0x000000000800354a       0x7a D:\IOT\SDK_1.0.3_NUCLEO-F401RE\lib_stm\libLibraries.a(ucg_font.o)
                0x000000000800354a                ucg_font_get_glyph_data
 .text.ucg_font_draw_glyph
                0x00000000080035c4       0x62 D:\IOT\SDK_1.0.3_NUCLEO-F401RE\lib_stm\libLibraries.a(ucg_font.o)
                0x00000000080035c4                ucg_font_draw_glyph
 .text.ucg_SetFontMode
                0x0000000008003626       0x20 D:\IOT\SDK_1.0.3_NUCLEO-F401RE\lib_stm\libLibraries.a(ucg_font.o)
                0x0000000008003626                ucg_SetFontMode
 *fill*         0x0000000008003646        0x2 
 .text.ucg_DrawGlyph
                0x0000000008003648       0xb0 D:\IOT\SDK_1.0.3_NUCLEO-F401RE\lib_stm\libLibraries.a(ucg_font.o)
                0x0000000008003648                ucg_DrawGlyph
 .text.task_drawString
                0x00000000080036f8      0x138 D:\IOT\SDK_1.0.3_NUCLEO-F401RE\lib_stm\libLibraries.a(ucg_font.o)
                0x00000000080036f8                task_drawString
 .text.ucg_DrawString
                0x0000000008003830       0x78 D:\IOT\SDK_1.0.3_NUCLEO-F401RE\lib_stm\libLibraries.a(ucg_font.o)
                0x0000000008003830                ucg_DrawString
 .text.ucg_UpdateRefHeight
                0x00000000080038a8       0xd8 D:\IOT\SDK_1.0.3_NUCLEO-F401RE\lib_stm\libLibraries.a(ucg_font.o)
                0x00000000080038a8                ucg_UpdateRefHeight
 .text.ucg_font_calc_vref_font
                0x0000000008003980       0x16 D:\IOT\SDK_1.0.3_NUCLEO-F401RE\lib_stm\libLibraries.a(ucg_font.o)
                0x0000000008003980                ucg_font_calc_vref_font
 *fill*         0x0000000008003996        0x2 
 .text.ucg_SetFontPosBaseline
                0x0000000008003998       0x20 D:\IOT\SDK_1.0.3_NUCLEO-F401RE\lib_stm\libLibraries.a(ucg_font.o)
                0x0000000008003998                ucg_SetFontPosBaseline
 .text.ucg_SetFont
                0x00000000080039b8       0x4c D:\IOT\SDK_1.0.3_NUCLEO-F401RE\lib_stm\libLibraries.a(ucg_font.o)
                0x00000000080039b8                ucg_SetFont
 .text.ucg_init_struct
                0x0000000008003a04       0x50 D:\IOT\SDK_1.0.3_NUCLEO-F401RE\lib_stm\libLibraries.a(ucg_init.o)
                0x0000000008003a04                ucg_init_struct
 .text.ucg_Init
                0x0000000008003a54       0x5c D:\IOT\SDK_1.0.3_NUCLEO-F401RE\lib_stm\libLibraries.a(ucg_init.o)
                0x0000000008003a54                ucg_Init
 .text.ucg_Draw90Line
                0x0000000008003ab0       0x88 D:\IOT\SDK_1.0.3_NUCLEO-F401RE\lib_stm\libLibraries.a(ucg_line.o)
                0x0000000008003ab0                ucg_Draw90Line
 .text.ucg_DrawHLine
                0x0000000008003b38       0x3e D:\IOT\SDK_1.0.3_NUCLEO-F401RE\lib_stm\libLibraries.a(ucg_line.o)
                0x0000000008003b38                ucg_DrawHLine
 .text.ucg_SetColor
                0x0000000008003b76       0x5c D:\IOT\SDK_1.0.3_NUCLEO-F401RE\lib_stm\libLibraries.a(ucg_pixel.o)
                0x0000000008003b76                ucg_SetColor
 .text.ucg_UndoRotate
                0x0000000008003bd2       0x32 D:\IOT\SDK_1.0.3_NUCLEO-F401RE\lib_stm\libLibraries.a(ucg_rotate.o)
                0x0000000008003bd2                ucg_UndoRotate
 .text.ucg_rotate_180_xy
                0x0000000008003c04       0x66 D:\IOT\SDK_1.0.3_NUCLEO-F401RE\lib_stm\libLibraries.a(ucg_rotate.o)
 *fill*         0x0000000008003c6a        0x2 
 .text.ucg_dev_rotate180
                0x0000000008003c6c      0x100 D:\IOT\SDK_1.0.3_NUCLEO-F401RE\lib_stm\libLibraries.a(ucg_rotate.o)
                0x0000000008003c6c                ucg_dev_rotate180
 .text.ucg_SetRotate180
                0x0000000008003d6c       0x34 D:\IOT\SDK_1.0.3_NUCLEO-F401RE\lib_stm\libLibraries.a(ucg_rotate.o)
                0x0000000008003d6c                ucg_SetRotate180
 .text.bufInit  0x0000000008003da0       0x36 D:\IOT\SDK_1.0.3_NUCLEO-F401RE\lib_stm\libLibraries.a(buff.o)
                0x0000000008003da0                bufInit
 .text.bufNumItems
                0x0000000008003dd6       0x18 D:\IOT\SDK_1.0.3_NUCLEO-F401RE\lib_stm\libLibraries.a(buff.o)
                0x0000000008003dd6                bufNumItems
 .text.bufIsFull
                0x0000000008003dee       0x26 D:\IOT\SDK_1.0.3_NUCLEO-F401RE\lib_stm\libLibraries.a(buff.o)
                0x0000000008003dee                bufIsFull
 .text.bufIsEmpty
                0x0000000008003e14       0x26 D:\IOT\SDK_1.0.3_NUCLEO-F401RE\lib_stm\libLibraries.a(buff.o)
                0x0000000008003e14                bufIsEmpty
 .text.bufFlush
                0x0000000008003e3a       0x32 D:\IOT\SDK_1.0.3_NUCLEO-F401RE\lib_stm\libLibraries.a(buff.o)
                0x0000000008003e3a                bufFlush
 .text.bufEnDat
                0x0000000008003e6c       0x9c D:\IOT\SDK_1.0.3_NUCLEO-F401RE\lib_stm\libLibraries.a(buff.o)
                0x0000000008003e6c                bufEnDat
 .text.bufDeDat
                0x0000000008003f08       0x84 D:\IOT\SDK_1.0.3_NUCLEO-F401RE\lib_stm\libLibraries.a(buff.o)
                0x0000000008003f08                bufDeDat
 .text.memsetl  0x0000000008003f8c       0x32 D:\IOT\SDK_1.0.3_NUCLEO-F401RE\lib_stm\libLibraries.a(utilities.o)
                0x0000000008003f8c                memsetl
 .text.ucg_clip_is_x_visible
                0x0000000008003fbe       0x4a D:\IOT\SDK_1.0.3_NUCLEO-F401RE\lib_stm\libLibraries.a(ucg_clip.o)
 .text.ucg_clip_is_y_visible
                0x0000000008004008       0x4a D:\IOT\SDK_1.0.3_NUCLEO-F401RE\lib_stm\libLibraries.a(ucg_clip.o)
 .text.ucg_clip_intersection
                0x0000000008004052       0x74 D:\IOT\SDK_1.0.3_NUCLEO-F401RE\lib_stm\libLibraries.a(ucg_clip.o)
 .text.ucg_clip_is_pixel_visible
                0x00000000080040c6       0x32 D:\IOT\SDK_1.0.3_NUCLEO-F401RE\lib_stm\libLibraries.a(ucg_clip.o)
                0x00000000080040c6                ucg_clip_is_pixel_visible
 .text.ucg_clip_l90fx
                0x00000000080040f8      0x300 D:\IOT\SDK_1.0.3_NUCLEO-F401RE\lib_stm\libLibraries.a(ucg_clip.o)
                0x00000000080040f8                ucg_clip_l90fx
 .text.ucg_clip_l90se
                0x00000000080043f8       0x54 D:\IOT\SDK_1.0.3_NUCLEO-F401RE\lib_stm\libLibraries.a(ucg_clip.o)
                0x00000000080043f8                ucg_clip_l90se
 .text.ucg_com_PowerDown
                0x000000000800444c       0x3e D:\IOT\SDK_1.0.3_NUCLEO-F401RE\lib_stm\libLibraries.a(ucg_com_msg_api.o)
                0x000000000800444c                ucg_com_PowerDown
 .text.ucg_com_PowerUp
                0x000000000800448a       0x60 D:\IOT\SDK_1.0.3_NUCLEO-F401RE\lib_stm\libLibraries.a(ucg_com_msg_api.o)
                0x000000000800448a                ucg_com_PowerUp
 .text.ucg_com_SetLineStatus
                0x00000000080044ea       0xe2 D:\IOT\SDK_1.0.3_NUCLEO-F401RE\lib_stm\libLibraries.a(ucg_com_msg_api.o)
                0x00000000080044ea                ucg_com_SetLineStatus
 .text.ucg_com_SetResetLineStatus
                0x00000000080045cc       0x20 D:\IOT\SDK_1.0.3_NUCLEO-F401RE\lib_stm\libLibraries.a(ucg_com_msg_api.o)
                0x00000000080045cc                ucg_com_SetResetLineStatus
 .text.ucg_com_SetCSLineStatus
                0x00000000080045ec       0x20 D:\IOT\SDK_1.0.3_NUCLEO-F401RE\lib_stm\libLibraries.a(ucg_com_msg_api.o)
                0x00000000080045ec                ucg_com_SetCSLineStatus
 .text.ucg_com_SetCDLineStatus
                0x000000000800460c       0x20 D:\IOT\SDK_1.0.3_NUCLEO-F401RE\lib_stm\libLibraries.a(ucg_com_msg_api.o)
                0x000000000800460c                ucg_com_SetCDLineStatus
 .text.ucg_com_DelayMicroseconds
                0x000000000800462c       0x22 D:\IOT\SDK_1.0.3_NUCLEO-F401RE\lib_stm\libLibraries.a(ucg_com_msg_api.o)
                0x000000000800462c                ucg_com_DelayMicroseconds
 .text.ucg_com_DelayMilliseconds
                0x000000000800464e       0x2c D:\IOT\SDK_1.0.3_NUCLEO-F401RE\lib_stm\libLibraries.a(ucg_com_msg_api.o)
                0x000000000800464e                ucg_com_DelayMilliseconds
 .text.ucg_com_SendByte
                0x000000000800467a       0x24 D:\IOT\SDK_1.0.3_NUCLEO-F401RE\lib_stm\libLibraries.a(ucg_com_msg_api.o)
                0x000000000800467a                ucg_com_SendByte
 .text.ucg_com_SendStringP
                0x000000000800469e       0x40 D:\IOT\SDK_1.0.3_NUCLEO-F401RE\lib_stm\libLibraries.a(ucg_com_msg_api.o)
                0x000000000800469e                ucg_com_SendStringP
 .text.ucg_com_SendCmdArg
                0x00000000080046de       0x74 D:\IOT\SDK_1.0.3_NUCLEO-F401RE\lib_stm\libLibraries.a(ucg_com_msg_api.o)
 *fill*         0x0000000008004752        0x2 
 .text.ucg_com_SendCmdSeq
                0x0000000008004754      0x278 D:\IOT\SDK_1.0.3_NUCLEO-F401RE\lib_stm\libLibraries.a(ucg_com_msg_api.o)
                0x0000000008004754                ucg_com_SendCmdSeq
 .text.__errno  0x00000000080049cc        0xc c:/st/stm32cubeide_1.6.0/stm32cubeide/plugins/com.st.stm32cube.ide.mcu.externaltools.gnu-tools-for-stm32.9-2020-q2-update.win32_1.5.0.202011040924/tools/bin/../lib/gcc/arm-none-eabi/9.3.1/../../../../arm-none-eabi/lib/thumb/v7e-m+fp/hard\libc_nano.a(lib_a-errno.o)
                0x00000000080049cc                __errno
 .text.__libc_init_array
                0x00000000080049d8       0x48 c:/st/stm32cubeide_1.6.0/stm32cubeide/plugins/com.st.stm32cube.ide.mcu.externaltools.gnu-tools-for-stm32.9-2020-q2-update.win32_1.5.0.202011040924/tools/bin/../lib/gcc/arm-none-eabi/9.3.1/../../../../arm-none-eabi/lib/thumb/v7e-m+fp/hard\libc_nano.a(lib_a-init.o)
                0x00000000080049d8                __libc_init_array
 .text.memset   0x0000000008004a20       0x10 c:/st/stm32cubeide_1.6.0/stm32cubeide/plugins/com.st.stm32cube.ide.mcu.externaltools.gnu-tools-for-stm32.9-2020-q2-update.win32_1.5.0.202011040924/tools/bin/../lib/gcc/arm-none-eabi/9.3.1/../../../../arm-none-eabi/lib/thumb/v7e-m+fp/hard\libc_nano.a(lib_a-memset.o)
                0x0000000008004a20                memset
 .text.sprintf  0x0000000008004a30       0x40 c:/st/stm32cubeide_1.6.0/stm32cubeide/plugins/com.st.stm32cube.ide.mcu.externaltools.gnu-tools-for-stm32.9-2020-q2-update.win32_1.5.0.202011040924/tools/bin/../lib/gcc/arm-none-eabi/9.3.1/../../../../arm-none-eabi/lib/thumb/v7e-m+fp/hard\libc_nano.a(lib_a-sprintf.o)
                0x0000000008004a30                siprintf
                0x0000000008004a30                sprintf
 .text.__ssputs_r
                0x0000000008004a70       0xb6 c:/st/stm32cubeide_1.6.0/stm32cubeide/plugins/com.st.stm32cube.ide.mcu.externaltools.gnu-tools-for-stm32.9-2020-q2-update.win32_1.5.0.202011040924/tools/bin/../lib/gcc/arm-none-eabi/9.3.1/../../../../arm-none-eabi/lib/thumb/v7e-m+fp/hard\libc_nano.a(lib_a-nano-svfprintf.o)
                0x0000000008004a70                __ssputs_r
 *fill*         0x0000000008004b26        0x2 
 .text._svfprintf_r
                0x0000000008004b28      0x200 c:/st/stm32cubeide_1.6.0/stm32cubeide/plugins/com.st.stm32cube.ide.mcu.externaltools.gnu-tools-for-stm32.9-2020-q2-update.win32_1.5.0.202011040924/tools/bin/../lib/gcc/arm-none-eabi/9.3.1/../../../../arm-none-eabi/lib/thumb/v7e-m+fp/hard\libc_nano.a(lib_a-nano-svfprintf.o)
                0x0000000008004b28                _svfiprintf_r
                0x0000000008004b28                _svfprintf_r
 .text._printf_common
                0x0000000008004d28       0xda c:/st/stm32cubeide_1.6.0/stm32cubeide/plugins/com.st.stm32cube.ide.mcu.externaltools.gnu-tools-for-stm32.9-2020-q2-update.win32_1.5.0.202011040924/tools/bin/../lib/gcc/arm-none-eabi/9.3.1/../../../../arm-none-eabi/lib/thumb/v7e-m+fp/hard\libc_nano.a(lib_a-nano-vfprintf_i.o)
                0x0000000008004d28                _printf_common
 *fill*         0x0000000008004e02        0x2 
 .text._printf_i
                0x0000000008004e04      0x24c c:/st/stm32cubeide_1.6.0/stm32cubeide/plugins/com.st.stm32cube.ide.mcu.externaltools.gnu-tools-for-stm32.9-2020-q2-update.win32_1.5.0.202011040924/tools/bin/../lib/gcc/arm-none-eabi/9.3.1/../../../../arm-none-eabi/lib/thumb/v7e-m+fp/hard\libc_nano.a(lib_a-nano-vfprintf_i.o)
                0x0000000008004e04                _printf_i
 .text.memcpy   0x0000000008005050       0x1c c:/st/stm32cubeide_1.6.0/stm32cubeide/plugins/com.st.stm32cube.ide.mcu.externaltools.gnu-tools-for-stm32.9-2020-q2-update.win32_1.5.0.202011040924/tools/bin/../lib/gcc/arm-none-eabi/9.3.1/../../../../arm-none-eabi/lib/thumb/v7e-m+fp/hard\libc_nano.a(lib_a-memcpy-stub.o)
                0x0000000008005050                memcpy
 .text.memmove  0x000000000800506c       0x34 c:/st/stm32cubeide_1.6.0/stm32cubeide/plugins/com.st.stm32cube.ide.mcu.externaltools.gnu-tools-for-stm32.9-2020-q2-update.win32_1.5.0.202011040924/tools/bin/../lib/gcc/arm-none-eabi/9.3.1/../../../../arm-none-eabi/lib/thumb/v7e-m+fp/hard\libc_nano.a(lib_a-memmove.o)
                0x000000000800506c                memmove
 .text._free_r  0x00000000080050a0       0xa0 c:/st/stm32cubeide_1.6.0/stm32cubeide/plugins/com.st.stm32cube.ide.mcu.externaltools.gnu-tools-for-stm32.9-2020-q2-update.win32_1.5.0.202011040924/tools/bin/../lib/gcc/arm-none-eabi/9.3.1/../../../../arm-none-eabi/lib/thumb/v7e-m+fp/hard\libc_nano.a(lib_a-nano-freer.o)
                0x00000000080050a0                _free_r
 .text._malloc_r
                0x0000000008005140       0xb4 c:/st/stm32cubeide_1.6.0/stm32cubeide/plugins/com.st.stm32cube.ide.mcu.externaltools.gnu-tools-for-stm32.9-2020-q2-update.win32_1.5.0.202011040924/tools/bin/../lib/gcc/arm-none-eabi/9.3.1/../../../../arm-none-eabi/lib/thumb/v7e-m+fp/hard\libc_nano.a(lib_a-nano-mallocr.o)
                0x0000000008005140                _malloc_r
 .text._realloc_r
                0x00000000080051f4       0x4c c:/st/stm32cubeide_1.6.0/stm32cubeide/plugins/com.st.stm32cube.ide.mcu.externaltools.gnu-tools-for-stm32.9-2020-q2-update.win32_1.5.0.202011040924/tools/bin/../lib/gcc/arm-none-eabi/9.3.1/../../../../arm-none-eabi/lib/thumb/v7e-m+fp/hard\libc_nano.a(lib_a-nano-reallocr.o)
                0x00000000080051f4                _realloc_r
 .text._sbrk_r  0x0000000008005240       0x20 c:/st/stm32cubeide_1.6.0/stm32cubeide/plugins/com.st.stm32cube.ide.mcu.externaltools.gnu-tools-for-stm32.9-2020-q2-update.win32_1.5.0.202011040924/tools/bin/../lib/gcc/arm-none-eabi/9.3.1/../../../../arm-none-eabi/lib/thumb/v7e-m+fp/hard\libc_nano.a(lib_a-sbrkr.o)
                0x0000000008005240                _sbrk_r
 .text.__malloc_lock
                0x0000000008005260        0xc c:/st/stm32cubeide_1.6.0/stm32cubeide/plugins/com.st.stm32cube.ide.mcu.externaltools.gnu-tools-for-stm32.9-2020-q2-update.win32_1.5.0.202011040924/tools/bin/../lib/gcc/arm-none-eabi/9.3.1/../../../../arm-none-eabi/lib/thumb/v7e-m+fp/hard\libc_nano.a(lib_a-mlock.o)
                0x0000000008005260                __malloc_lock
 .text.__malloc_unlock
                0x000000000800526c        0xc c:/st/stm32cubeide_1.6.0/stm32cubeide/plugins/com.st.stm32cube.ide.mcu.externaltools.gnu-tools-for-stm32.9-2020-q2-update.win32_1.5.0.202011040924/tools/bin/../lib/gcc/arm-none-eabi/9.3.1/../../../../arm-none-eabi/lib/thumb/v7e-m+fp/hard\libc_nano.a(lib_a-mlock.o)
                0x000000000800526c                __malloc_unlock
 .text._malloc_usable_size_r
                0x0000000008005278       0x10 c:/st/stm32cubeide_1.6.0/stm32cubeide/plugins/com.st.stm32cube.ide.mcu.externaltools.gnu-tools-for-stm32.9-2020-q2-update.win32_1.5.0.202011040924/tools/bin/../lib/gcc/arm-none-eabi/9.3.1/../../../../arm-none-eabi/lib/thumb/v7e-m+fp/hard\libc_nano.a(lib_a-nano-msizer.o)
                0x0000000008005278                _malloc_usable_size_r
 .text.__retarget_lock_acquire_recursive
                0x0000000008005288        0x2 c:/st/stm32cubeide_1.6.0/stm32cubeide/plugins/com.st.stm32cube.ide.mcu.externaltools.gnu-tools-for-stm32.9-2020-q2-update.win32_1.5.0.202011040924/tools/bin/../lib/gcc/arm-none-eabi/9.3.1/../../../../arm-none-eabi/lib/thumb/v7e-m+fp/hard\libc_nano.a(lib_a-lock.o)
                0x0000000008005288                __retarget_lock_acquire_recursive
 .text.__retarget_lock_release_recursive
                0x000000000800528a        0x2 c:/st/stm32cubeide_1.6.0/stm32cubeide/plugins/com.st.stm32cube.ide.mcu.externaltools.gnu-tools-for-stm32.9-2020-q2-update.win32_1.5.0.202011040924/tools/bin/../lib/gcc/arm-none-eabi/9.3.1/../../../../arm-none-eabi/lib/thumb/v7e-m+fp/hard\libc_nano.a(lib_a-lock.o)
                0x000000000800528a                __retarget_lock_release_recursive
 *(.glue_7)
 .glue_7        0x000000000800528c        0x0 linker stubs
 *(.glue_7t)
 .glue_7t       0x000000000800528c        0x0 linker stubs
 *(.eh_frame)
 .eh_frame      0x000000000800528c        0x0 c:/st/stm32cubeide_1.6.0/stm32cubeide/plugins/com.st.stm32cube.ide.mcu.externaltools.gnu-tools-for-stm32.9-2020-q2-update.win32_1.5.0.202011040924/tools/bin/../lib/gcc/arm-none-eabi/9.3.1/thumb/v7e-m+fp/hard/crtbegin.o
 *(.init)
 .init          0x000000000800528c        0x4 c:/st/stm32cubeide_1.6.0/stm32cubeide/plugins/com.st.stm32cube.ide.mcu.externaltools.gnu-tools-for-stm32.9-2020-q2-update.win32_1.5.0.202011040924/tools/bin/../lib/gcc/arm-none-eabi/9.3.1/thumb/v7e-m+fp/hard/crti.o
                0x000000000800528c                _init
 .init          0x0000000008005290        0x8 c:/st/stm32cubeide_1.6.0/stm32cubeide/plugins/com.st.stm32cube.ide.mcu.externaltools.gnu-tools-for-stm32.9-2020-q2-update.win32_1.5.0.202011040924/tools/bin/../lib/gcc/arm-none-eabi/9.3.1/thumb/v7e-m+fp/hard/crtn.o
 *(.fini)
 .fini          0x0000000008005298        0x4 c:/st/stm32cubeide_1.6.0/stm32cubeide/plugins/com.st.stm32cube.ide.mcu.externaltools.gnu-tools-for-stm32.9-2020-q2-update.win32_1.5.0.202011040924/tools/bin/../lib/gcc/arm-none-eabi/9.3.1/thumb/v7e-m+fp/hard/crti.o
                0x0000000008005298                _fini
 .fini          0x000000000800529c        0x8 c:/st/stm32cubeide_1.6.0/stm32cubeide/plugins/com.st.stm32cube.ide.mcu.externaltools.gnu-tools-for-stm32.9-2020-q2-update.win32_1.5.0.202011040924/tools/bin/../lib/gcc/arm-none-eabi/9.3.1/thumb/v7e-m+fp/hard/crtn.o
                0x00000000080052a4                . = ALIGN (0x4)
                0x00000000080052a4                _etext = .

.vfp11_veneer   0x00000000080052a4        0x0
 .vfp11_veneer  0x00000000080052a4        0x0 linker stubs

.v4_bx          0x00000000080052a4        0x0
 .v4_bx         0x00000000080052a4        0x0 linker stubs

.iplt           0x00000000080052a4        0x0
 .iplt          0x00000000080052a4        0x0 c:/st/stm32cubeide_1.6.0/stm32cubeide/plugins/com.st.stm32cube.ide.mcu.externaltools.gnu-tools-for-stm32.9-2020-q2-update.win32_1.5.0.202011040924/tools/bin/../lib/gcc/arm-none-eabi/9.3.1/thumb/v7e-m+fp/hard/crtbegin.o

.rodata         0x00000000080052a4      0x924
                0x00000000080052a4                . = ALIGN (0x4)
 *(.rodata)
 .rodata        0x00000000080052a4       0x3d Src/main.o
 *fill*         0x00000000080052e1        0x3 
 .rodata        0x00000000080052e4       0x16 D:\IOT\SDK_1.0.3_NUCLEO-F401RE\lib_stm\libLibraries.a(temhumsensor.o)
 *fill*         0x00000000080052fa        0x2 
 .rodata        0x00000000080052fc        0xf D:\IOT\SDK_1.0.3_NUCLEO-F401RE\lib_stm\libLibraries.a(ucg_font.o)
 *(.rodata*)
 *fill*         0x000000000800530b        0x1 
 .rodata.ucg_st7735_set_pos_seq
                0x000000000800530c       0x1e D:\IOT\SDK_1.0.3_NUCLEO-F401RE\lib_stm\libLibraries.a(ucg_dev_ic_st7735.o)
                0x000000000800530c                ucg_st7735_set_pos_seq
 *fill*         0x000000000800532a        0x2 
 .rodata.ucg_st7735_set_pos_dir0_seq
                0x000000000800532c       0x1e D:\IOT\SDK_1.0.3_NUCLEO-F401RE\lib_stm\libLibraries.a(ucg_dev_ic_st7735.o)
                0x000000000800532c                ucg_st7735_set_pos_dir0_seq
 *fill*         0x000000000800534a        0x2 
 .rodata.ucg_st7735_set_pos_dir1_seq
                0x000000000800534c       0x21 D:\IOT\SDK_1.0.3_NUCLEO-F401RE\lib_stm\libLibraries.a(ucg_dev_ic_st7735.o)
                0x000000000800534c                ucg_st7735_set_pos_dir1_seq
 *fill*         0x000000000800536d        0x3 
 .rodata.ucg_st7735_set_pos_dir2_seq
                0x0000000008005370       0x21 D:\IOT\SDK_1.0.3_NUCLEO-F401RE\lib_stm\libLibraries.a(ucg_dev_ic_st7735.o)
                0x0000000008005370                ucg_st7735_set_pos_dir2_seq
 *fill*         0x0000000008005391        0x3 
 .rodata.ucg_st7735_set_pos_dir3_seq
                0x0000000008005394       0x24 D:\IOT\SDK_1.0.3_NUCLEO-F401RE\lib_stm\libLibraries.a(ucg_dev_ic_st7735.o)
                0x0000000008005394                ucg_st7735_set_pos_dir3_seq
 .rodata.ucg_st7735_power_down_seq
                0x00000000080053b8        0x7 D:\IOT\SDK_1.0.3_NUCLEO-F401RE\lib_stm\libLibraries.a(ucg_dev_ic_st7735.o)
 *fill*         0x00000000080053bf        0x1 
 .rodata.ucg_tft_128x160_st7735_init_seq
                0x00000000080053c0       0x2c D:\IOT\SDK_1.0.3_NUCLEO-F401RE\lib_stm\libLibraries.a(ucg_dev_tft_128x128_st7735.o)
 .rodata.ucg_font_ncenR12_hr
                0x00000000080053ec      0x7a8 D:\IOT\SDK_1.0.3_NUCLEO-F401RE\lib_stm\libLibraries.a(ucg_pixel_font_data.o)
                0x00000000080053ec                ucg_font_ncenR12_hr
 .rodata._svfprintf_r.str1.1
                0x0000000008005b94       0x11 c:/st/stm32cubeide_1.6.0/stm32cubeide/plugins/com.st.stm32cube.ide.mcu.externaltools.gnu-tools-for-stm32.9-2020-q2-update.win32_1.5.0.202011040924/tools/bin/../lib/gcc/arm-none-eabi/9.3.1/../../../../arm-none-eabi/lib/thumb/v7e-m+fp/hard\libc_nano.a(lib_a-nano-svfprintf.o)
 .rodata._printf_i.str1.1
                0x0000000008005ba5       0x22 c:/st/stm32cubeide_1.6.0/stm32cubeide/plugins/com.st.stm32cube.ide.mcu.externaltools.gnu-tools-for-stm32.9-2020-q2-update.win32_1.5.0.202011040924/tools/bin/../lib/gcc/arm-none-eabi/9.3.1/../../../../arm-none-eabi/lib/thumb/v7e-m+fp/hard\libc_nano.a(lib_a-nano-vfprintf_i.o)
                0x0000000008005bc8                . = ALIGN (0x4)
 *fill*         0x0000000008005bc7        0x1 

.rel.dyn        0x0000000008005bc8        0x0
 .rel.iplt      0x0000000008005bc8        0x0 c:/st/stm32cubeide_1.6.0/stm32cubeide/plugins/com.st.stm32cube.ide.mcu.externaltools.gnu-tools-for-stm32.9-2020-q2-update.win32_1.5.0.202011040924/tools/bin/../lib/gcc/arm-none-eabi/9.3.1/thumb/v7e-m+fp/hard/crtbegin.o

.ARM.extab      0x0000000008005bc8        0x0
                0x0000000008005bc8                . = ALIGN (0x4)
 *(.ARM.extab* .gnu.linkonce.armextab.*)
                0x0000000008005bc8                . = ALIGN (0x4)

.ARM            0x0000000008005bc8        0x0
                0x0000000008005bc8                . = ALIGN (0x4)
                0x0000000008005bc8                __exidx_start = .
 *(.ARM.exidx*)
                0x0000000008005bc8                __exidx_end = .
                0x0000000008005bc8                . = ALIGN (0x4)

.preinit_array  0x0000000008005bc8        0x0
                0x0000000008005bc8                . = ALIGN (0x4)
                0x0000000008005bc8                PROVIDE (__preinit_array_start = .)
 *(.preinit_array*)
                0x0000000008005bc8                PROVIDE (__preinit_array_end = .)
                0x0000000008005bc8                . = ALIGN (0x4)

.init_array     0x0000000008005bc8        0x4
                0x0000000008005bc8                . = ALIGN (0x4)
                0x0000000008005bc8                PROVIDE (__init_array_start = .)
 *(SORT_BY_NAME(.init_array.*))
 *(.init_array*)
 .init_array    0x0000000008005bc8        0x4 c:/st/stm32cubeide_1.6.0/stm32cubeide/plugins/com.st.stm32cube.ide.mcu.externaltools.gnu-tools-for-stm32.9-2020-q2-update.win32_1.5.0.202011040924/tools/bin/../lib/gcc/arm-none-eabi/9.3.1/thumb/v7e-m+fp/hard/crtbegin.o
                0x0000000008005bcc                PROVIDE (__init_array_end = .)
                0x0000000008005bcc                . = ALIGN (0x4)

.fini_array     0x0000000008005bcc        0x4
                0x0000000008005bcc                . = ALIGN (0x4)
                [!provide]                        PROVIDE (__fini_array_start = .)
 *(SORT_BY_NAME(.fini_array.*))
 *(.fini_array*)
 .fini_array    0x0000000008005bcc        0x4 c:/st/stm32cubeide_1.6.0/stm32cubeide/plugins/com.st.stm32cube.ide.mcu.externaltools.gnu-tools-for-stm32.9-2020-q2-update.win32_1.5.0.202011040924/tools/bin/../lib/gcc/arm-none-eabi/9.3.1/thumb/v7e-m+fp/hard/crtbegin.o
                [!provide]                        PROVIDE (__fini_array_end = .)
                0x0000000008005bd0                . = ALIGN (0x4)
                0x0000000008005bd0                _sidata = LOADADDR (.data)

.data           0x0000000020000000       0x8c load address 0x0000000008005bd0
                0x0000000020000000                . = ALIGN (0x4)
                0x0000000020000000                _sdata = .
 *(.data)
 *(.data*)
 .data.SystemCoreClock
                0x0000000020000000        0x4 D:\IOT\SDK_1.0.3_NUCLEO-F401RE\lib_stm\libLibraries.a(system_stm32f4xx.o)
                0x0000000020000000                SystemCoreClock
 .data.AHBPrescTable
                0x0000000020000004       0x10 D:\IOT\SDK_1.0.3_NUCLEO-F401RE\lib_stm\libLibraries.a(system_stm32f4xx.o)
                0x0000000020000004                AHBPrescTable
 .data.APBAHBPrescTable
                0x0000000020000014       0x10 D:\IOT\SDK_1.0.3_NUCLEO-F401RE\lib_stm\libLibraries.a(stm32f401re_rcc.o)
 .data.g_byTimeWaitGetTemp
                0x0000000020000024        0x1 D:\IOT\SDK_1.0.3_NUCLEO-F401RE\lib_stm\libLibraries.a(temhumsensor.o)
 .data.g_byTimeWaitGetHumi
                0x0000000020000025        0x1 D:\IOT\SDK_1.0.3_NUCLEO-F401RE\lib_stm\libLibraries.a(temhumsensor.o)
 .data.idTaskScanDecodeLen
                0x0000000020000026        0x1 D:\IOT\SDK_1.0.3_NUCLEO-F401RE\lib_stm\libLibraries.a(ucg_font.o)
 *fill*         0x0000000020000027        0x1 
 .data._impure_ptr
                0x0000000020000028        0x4 c:/st/stm32cubeide_1.6.0/stm32cubeide/plugins/com.st.stm32cube.ide.mcu.externaltools.gnu-tools-for-stm32.9-2020-q2-update.win32_1.5.0.202011040924/tools/bin/../lib/gcc/arm-none-eabi/9.3.1/../../../../arm-none-eabi/lib/thumb/v7e-m+fp/hard\libc_nano.a(lib_a-impure.o)
                0x0000000020000028                _impure_ptr
 .data.impure_data
                0x000000002000002c       0x60 c:/st/stm32cubeide_1.6.0/stm32cubeide/plugins/com.st.stm32cube.ide.mcu.externaltools.gnu-tools-for-stm32.9-2020-q2-update.win32_1.5.0.202011040924/tools/bin/../lib/gcc/arm-none-eabi/9.3.1/../../../../arm-none-eabi/lib/thumb/v7e-m+fp/hard\libc_nano.a(lib_a-impure.o)
 *(.RamFunc)
 *(.RamFunc*)
                0x000000002000008c                . = ALIGN (0x4)
                0x000000002000008c                _edata = .

.igot.plt       0x000000002000008c        0x0 load address 0x0000000008005c5c
 .igot.plt      0x000000002000008c        0x0 c:/st/stm32cubeide_1.6.0/stm32cubeide/plugins/com.st.stm32cube.ide.mcu.externaltools.gnu-tools-for-stm32.9-2020-q2-update.win32_1.5.0.202011040924/tools/bin/../lib/gcc/arm-none-eabi/9.3.1/thumb/v7e-m+fp/hard/crtbegin.o
                0x000000002000008c                . = ALIGN (0x4)

.bss            0x000000002000008c     0x1300 load address 0x0000000008005c5c
                0x000000002000008c                _sbss = .
                0x000000002000008c                __bss_start__ = _sbss
 *(.bss)
 .bss           0x000000002000008c       0x1c c:/st/stm32cubeide_1.6.0/stm32cubeide/plugins/com.st.stm32cube.ide.mcu.externaltools.gnu-tools-for-stm32.9-2020-q2-update.win32_1.5.0.202011040924/tools/bin/../lib/gcc/arm-none-eabi/9.3.1/thumb/v7e-m+fp/hard/crtbegin.o
 *(.bss*)
 .bss._err_measure
                0x00000000200000a8        0x4 Kalman_filter/kalman_filter.o
 .bss._err_estimate
                0x00000000200000ac        0x4 Kalman_filter/kalman_filter.o
 .bss._q        0x00000000200000b0        0x4 Kalman_filter/kalman_filter.o
 .bss._current_estimate
                0x00000000200000b4        0x4 Kalman_filter/kalman_filter.o
 .bss._last_estimate
                0x00000000200000b8        0x4 Kalman_filter/kalman_filter.o
 .bss._kalman_gain
                0x00000000200000bc        0x4 Kalman_filter/kalman_filter.o
 .bss.ucg       0x00000000200000c0       0xb4 Src/main.o
 .bss.dwTimer_Init
                0x0000000020000174        0x4 Src/main.o
                0x0000000020000174                dwTimer_Init
 .bss.dwTimer_Current
                0x0000000020000178        0x4 Src/main.o
                0x0000000020000178                dwTimer_Current
 .bss.strhumi.10305
                0x000000002000017c       0x14 Src/main.o
 .bss.strtemp.10304
                0x0000000020000190       0x14 Src/main.o
 .bss.src1.10306
                0x00000000200001a4       0x14 Src/main.o
 .bss.src2.10307
                0x00000000200001b8       0x14 Src/main.o
 .bss.__sbrk_heap_end
                0x00000000200001cc        0x4 Src/sysmem.o
 .bss.g_pTimerHandle
                0x00000000200001d0      0x180 D:\IOT\SDK_1.0.3_NUCLEO-F401RE\lib_stm\libLibraries.a(timer.o)
 .bss.g_wMilSecTickTimer
                0x0000000020000350        0x4 D:\IOT\SDK_1.0.3_NUCLEO-F401RE\lib_stm\libLibraries.a(timer.o)
 .bss.fontQueue
                0x0000000020000354       0x10 D:\IOT\SDK_1.0.3_NUCLEO-F401RE\lib_stm\libLibraries.a(ucg_font.o)
 .bss.pQueueFont
                0x0000000020000364     0x1000 D:\IOT\SDK_1.0.3_NUCLEO-F401RE\lib_stm\libLibraries.a(ucg_font.o)
 .bss.next.7562
                0x0000000020001364        0x1 D:\IOT\SDK_1.0.3_NUCLEO-F401RE\lib_stm\libLibraries.a(ucg_font.o)
 *fill*         0x0000000020001365        0x3 
 .bss.__malloc_free_list
                0x0000000020001368        0x4 c:/st/stm32cubeide_1.6.0/stm32cubeide/plugins/com.st.stm32cube.ide.mcu.externaltools.gnu-tools-for-stm32.9-2020-q2-update.win32_1.5.0.202011040924/tools/bin/../lib/gcc/arm-none-eabi/9.3.1/../../../../arm-none-eabi/lib/thumb/v7e-m+fp/hard\libc_nano.a(lib_a-nano-mallocr.o)
                0x0000000020001368                __malloc_free_list
 .bss.__malloc_sbrk_start
                0x000000002000136c        0x4 c:/st/stm32cubeide_1.6.0/stm32cubeide/plugins/com.st.stm32cube.ide.mcu.externaltools.gnu-tools-for-stm32.9-2020-q2-update.win32_1.5.0.202011040924/tools/bin/../lib/gcc/arm-none-eabi/9.3.1/../../../../arm-none-eabi/lib/thumb/v7e-m+fp/hard\libc_nano.a(lib_a-nano-mallocr.o)
                0x000000002000136c                __malloc_sbrk_start
 *(COMMON)
 COMMON         0x0000000020001370        0xc D:\IOT\SDK_1.0.3_NUCLEO-F401RE\lib_stm\libLibraries.a(ucg_font.o)
                0x0000000020001370                ucg_draw_str
 COMMON         0x000000002000137c        0x4 c:/st/stm32cubeide_1.6.0/stm32cubeide/plugins/com.st.stm32cube.ide.mcu.externaltools.gnu-tools-for-stm32.9-2020-q2-update.win32_1.5.0.202011040924/tools/bin/../lib/gcc/arm-none-eabi/9.3.1/../../../../arm-none-eabi/lib/thumb/v7e-m+fp/hard\libc_nano.a(lib_a-reent.o)
                0x000000002000137c                errno
 COMMON         0x0000000020001380        0x9 c:/st/stm32cubeide_1.6.0/stm32cubeide/plugins/com.st.stm32cube.ide.mcu.externaltools.gnu-tools-for-stm32.9-2020-q2-update.win32_1.5.0.202011040924/tools/bin/../lib/gcc/arm-none-eabi/9.3.1/../../../../arm-none-eabi/lib/thumb/v7e-m+fp/hard\libc_nano.a(lib_a-lock.o)
                0x0000000020001380                __lock___atexit_recursive_mutex
                0x0000000020001381                __lock___arc4random_mutex
                0x0000000020001382                __lock___env_recursive_mutex
                0x0000000020001383                __lock___sinit_recursive_mutex
                0x0000000020001384                __lock___malloc_recursive_mutex
                0x0000000020001385                __lock___at_quick_exit_mutex
                0x0000000020001386                __lock___dd_hash_mutex
                0x0000000020001387                __lock___tz_mutex
                0x0000000020001388                __lock___sfp_recursive_mutex
                0x000000002000138c                . = ALIGN (0x4)
 *fill*         0x0000000020001389        0x3 
                0x000000002000138c                _ebss = .
                0x000000002000138c                __bss_end__ = _ebss

._user_heap_stack
                0x000000002000138c      0x604 load address 0x0000000008005c5c
                0x0000000020001390                . = ALIGN (0x8)
 *fill*         0x000000002000138c        0x4 
                [!provide]                        PROVIDE (end = .)
                0x0000000020001390                PROVIDE (_end = .)
                0x0000000020001590                . = (. + _Min_Heap_Size)
 *fill*         0x0000000020001390      0x200 
                0x0000000020001990                . = (. + _Min_Stack_Size)
 *fill*         0x0000000020001590      0x400 
                0x0000000020001990                . = ALIGN (0x8)

/DISCARD/
 libc.a(*)
 libm.a(*)
 libgcc.a(*)

.ARM.attributes
                0x0000000000000000       0x30
 *(.ARM.attributes)
 .ARM.attributes
                0x0000000000000000       0x1e c:/st/stm32cubeide_1.6.0/stm32cubeide/plugins/com.st.stm32cube.ide.mcu.externaltools.gnu-tools-for-stm32.9-2020-q2-update.win32_1.5.0.202011040924/tools/bin/../lib/gcc/arm-none-eabi/9.3.1/thumb/v7e-m+fp/hard/crti.o
 .ARM.attributes
                0x000000000000001e       0x34 c:/st/stm32cubeide_1.6.0/stm32cubeide/plugins/com.st.stm32cube.ide.mcu.externaltools.gnu-tools-for-stm32.9-2020-q2-update.win32_1.5.0.202011040924/tools/bin/../lib/gcc/arm-none-eabi/9.3.1/thumb/v7e-m+fp/hard/crtbegin.o
 .ARM.attributes
                0x0000000000000052       0x34 Kalman_filter/kalman_filter.o
 .ARM.attributes
                0x0000000000000086       0x34 Src/main.o
 .ARM.attributes
                0x00000000000000ba       0x34 Src/sysmem.o
 .ARM.attributes
                0x00000000000000ee       0x21 Startup/startup_stm32f401retx.o
 .ARM.attributes
                0x000000000000010f       0x39 D:\IOT\SDK_1.0.3_NUCLEO-F401RE\lib_stm\libLibraries.a(system_stm32f4xx.o)
 .ARM.attributes
                0x0000000000000148       0x39 D:\IOT\SDK_1.0.3_NUCLEO-F401RE\lib_stm\libLibraries.a(stm32f401re_gpio.o)
 .ARM.attributes
                0x0000000000000181       0x39 D:\IOT\SDK_1.0.3_NUCLEO-F401RE\lib_stm\libLibraries.a(stm32f401re_i2c.o)
 .ARM.attributes
                0x00000000000001ba       0x39 D:\IOT\SDK_1.0.3_NUCLEO-F401RE\lib_stm\libLibraries.a(stm32f401re_rcc.o)
 .ARM.attributes
                0x00000000000001f3       0x39 D:\IOT\SDK_1.0.3_NUCLEO-F401RE\lib_stm\libLibraries.a(stm32f401re_spi.o)
 .ARM.attributes
                0x000000000000022c       0x39 D:\IOT\SDK_1.0.3_NUCLEO-F401RE\lib_stm\libLibraries.a(timer.o)
 .ARM.attributes
                0x0000000000000265       0x39 D:\IOT\SDK_1.0.3_NUCLEO-F401RE\lib_stm\libLibraries.a(temhumsensor.o)
 .ARM.attributes
                0x000000000000029e       0x39 D:\IOT\SDK_1.0.3_NUCLEO-F401RE\lib_stm\libLibraries.a(Ucglib.o)
 .ARM.attributes
                0x00000000000002d7       0x39 D:\IOT\SDK_1.0.3_NUCLEO-F401RE\lib_stm\libLibraries.a(ucg_box.o)
 .ARM.attributes
                0x0000000000000310       0x39 D:\IOT\SDK_1.0.3_NUCLEO-F401RE\lib_stm\libLibraries.a(ucg_ccs.o)
 .ARM.attributes
                0x0000000000000349       0x39 D:\IOT\SDK_1.0.3_NUCLEO-F401RE\lib_stm\libLibraries.a(ucg_dev_default_cb.o)
 .ARM.attributes
                0x0000000000000382       0x39 D:\IOT\SDK_1.0.3_NUCLEO-F401RE\lib_stm\libLibraries.a(ucg_dev_ic_st7735.o)
 .ARM.attributes
                0x00000000000003bb       0x39 D:\IOT\SDK_1.0.3_NUCLEO-F401RE\lib_stm\libLibraries.a(ucg_dev_msg_api.o)
 .ARM.attributes
                0x00000000000003f4       0x39 D:\IOT\SDK_1.0.3_NUCLEO-F401RE\lib_stm\libLibraries.a(ucg_dev_tft_128x128_st7735.o)
 .ARM.attributes
                0x000000000000042d       0x39 D:\IOT\SDK_1.0.3_NUCLEO-F401RE\lib_stm\libLibraries.a(ucg_font.o)
 .ARM.attributes
                0x0000000000000466       0x39 D:\IOT\SDK_1.0.3_NUCLEO-F401RE\lib_stm\libLibraries.a(ucg_init.o)
 .ARM.attributes
                0x000000000000049f       0x39 D:\IOT\SDK_1.0.3_NUCLEO-F401RE\lib_stm\libLibraries.a(ucg_line.o)
 .ARM.attributes
                0x00000000000004d8       0x39 D:\IOT\SDK_1.0.3_NUCLEO-F401RE\lib_stm\libLibraries.a(ucg_pixel.o)
 .ARM.attributes
                0x0000000000000511       0x39 D:\IOT\SDK_1.0.3_NUCLEO-F401RE\lib_stm\libLibraries.a(ucg_pixel_font_data.o)
 .ARM.attributes
                0x000000000000054a       0x39 D:\IOT\SDK_1.0.3_NUCLEO-F401RE\lib_stm\libLibraries.a(ucg_rotate.o)
 .ARM.attributes
                0x0000000000000583       0x39 D:\IOT\SDK_1.0.3_NUCLEO-F401RE\lib_stm\libLibraries.a(buff.o)
 .ARM.attributes
                0x00000000000005bc       0x39 D:\IOT\SDK_1.0.3_NUCLEO-F401RE\lib_stm\libLibraries.a(utilities.o)
 .ARM.attributes
                0x00000000000005f5       0x39 D:\IOT\SDK_1.0.3_NUCLEO-F401RE\lib_stm\libLibraries.a(ucg_clip.o)
 .ARM.attributes
                0x000000000000062e       0x39 D:\IOT\SDK_1.0.3_NUCLEO-F401RE\lib_stm\libLibraries.a(ucg_com_msg_api.o)
 .ARM.attributes
                0x0000000000000667       0x34 c:/st/stm32cubeide_1.6.0/stm32cubeide/plugins/com.st.stm32cube.ide.mcu.externaltools.gnu-tools-for-stm32.9-2020-q2-update.win32_1.5.0.202011040924/tools/bin/../lib/gcc/arm-none-eabi/9.3.1/../../../../arm-none-eabi/lib/thumb/v7e-m+fp/hard\libc_nano.a(lib_a-errno.o)
 .ARM.attributes
                0x000000000000069b       0x32 c:/st/stm32cubeide_1.6.0/stm32cubeide/plugins/com.st.stm32cube.ide.mcu.externaltools.gnu-tools-for-stm32.9-2020-q2-update.win32_1.5.0.202011040924/tools/bin/../lib/gcc/arm-none-eabi/9.3.1/../../../../arm-none-eabi/lib/thumb/v7e-m+fp/hard\libc_nano.a(lib_a-impure.o)
 .ARM.attributes
                0x00000000000006cd       0x34 c:/st/stm32cubeide_1.6.0/stm32cubeide/plugins/com.st.stm32cube.ide.mcu.externaltools.gnu-tools-for-stm32.9-2020-q2-update.win32_1.5.0.202011040924/tools/bin/../lib/gcc/arm-none-eabi/9.3.1/../../../../arm-none-eabi/lib/thumb/v7e-m+fp/hard\libc_nano.a(lib_a-init.o)
 .ARM.attributes
                0x0000000000000701       0x34 c:/st/stm32cubeide_1.6.0/stm32cubeide/plugins/com.st.stm32cube.ide.mcu.externaltools.gnu-tools-for-stm32.9-2020-q2-update.win32_1.5.0.202011040924/tools/bin/../lib/gcc/arm-none-eabi/9.3.1/../../../../arm-none-eabi/lib/thumb/v7e-m+fp/hard\libc_nano.a(lib_a-memset.o)
 .ARM.attributes
                0x0000000000000735       0x34 c:/st/stm32cubeide_1.6.0/stm32cubeide/plugins/com.st.stm32cube.ide.mcu.externaltools.gnu-tools-for-stm32.9-2020-q2-update.win32_1.5.0.202011040924/tools/bin/../lib/gcc/arm-none-eabi/9.3.1/../../../../arm-none-eabi/lib/thumb/v7e-m+fp/hard\libc_nano.a(lib_a-sprintf.o)
 .ARM.attributes
                0x0000000000000769       0x34 c:/st/stm32cubeide_1.6.0/stm32cubeide/plugins/com.st.stm32cube.ide.mcu.externaltools.gnu-tools-for-stm32.9-2020-q2-update.win32_1.5.0.202011040924/tools/bin/../lib/gcc/arm-none-eabi/9.3.1/../../../../arm-none-eabi/lib/thumb/v7e-m+fp/hard\libc_nano.a(lib_a-nano-svfprintf.o)
 .ARM.attributes
                0x000000000000079d       0x34 c:/st/stm32cubeide_1.6.0/stm32cubeide/plugins/com.st.stm32cube.ide.mcu.externaltools.gnu-tools-for-stm32.9-2020-q2-update.win32_1.5.0.202011040924/tools/bin/../lib/gcc/arm-none-eabi/9.3.1/../../../../arm-none-eabi/lib/thumb/v7e-m+fp/hard\libc_nano.a(lib_a-nano-vfprintf_i.o)
 .ARM.attributes
                0x00000000000007d1       0x1c c:/st/stm32cubeide_1.6.0/stm32cubeide/plugins/com.st.stm32cube.ide.mcu.externaltools.gnu-tools-for-stm32.9-2020-q2-update.win32_1.5.0.202011040924/tools/bin/../lib/gcc/arm-none-eabi/9.3.1/../../../../arm-none-eabi/lib/thumb/v7e-m+fp/hard\libc_nano.a(lib_a-memchr.o)
 .ARM.attributes
                0x00000000000007ed       0x34 c:/st/stm32cubeide_1.6.0/stm32cubeide/plugins/com.st.stm32cube.ide.mcu.externaltools.gnu-tools-for-stm32.9-2020-q2-update.win32_1.5.0.202011040924/tools/bin/../lib/gcc/arm-none-eabi/9.3.1/../../../../arm-none-eabi/lib/thumb/v7e-m+fp/hard\libc_nano.a(lib_a-memcpy-stub.o)
 .ARM.attributes
                0x0000000000000821       0x34 c:/st/stm32cubeide_1.6.0/stm32cubeide/plugins/com.st.stm32cube.ide.mcu.externaltools.gnu-tools-for-stm32.9-2020-q2-update.win32_1.5.0.202011040924/tools/bin/../lib/gcc/arm-none-eabi/9.3.1/../../../../arm-none-eabi/lib/thumb/v7e-m+fp/hard\libc_nano.a(lib_a-memmove.o)
 .ARM.attributes
                0x0000000000000855       0x34 c:/st/stm32cubeide_1.6.0/stm32cubeide/plugins/com.st.stm32cube.ide.mcu.externaltools.gnu-tools-for-stm32.9-2020-q2-update.win32_1.5.0.202011040924/tools/bin/../lib/gcc/arm-none-eabi/9.3.1/../../../../arm-none-eabi/lib/thumb/v7e-m+fp/hard\libc_nano.a(lib_a-nano-freer.o)
 .ARM.attributes
                0x0000000000000889       0x34 c:/st/stm32cubeide_1.6.0/stm32cubeide/plugins/com.st.stm32cube.ide.mcu.externaltools.gnu-tools-for-stm32.9-2020-q2-update.win32_1.5.0.202011040924/tools/bin/../lib/gcc/arm-none-eabi/9.3.1/../../../../arm-none-eabi/lib/thumb/v7e-m+fp/hard\libc_nano.a(lib_a-nano-mallocr.o)
 .ARM.attributes
                0x00000000000008bd       0x34 c:/st/stm32cubeide_1.6.0/stm32cubeide/plugins/com.st.stm32cube.ide.mcu.externaltools.gnu-tools-for-stm32.9-2020-q2-update.win32_1.5.0.202011040924/tools/bin/../lib/gcc/arm-none-eabi/9.3.1/../../../../arm-none-eabi/lib/thumb/v7e-m+fp/hard\libc_nano.a(lib_a-nano-reallocr.o)
 .ARM.attributes
                0x00000000000008f1       0x34 c:/st/stm32cubeide_1.6.0/stm32cubeide/plugins/com.st.stm32cube.ide.mcu.externaltools.gnu-tools-for-stm32.9-2020-q2-update.win32_1.5.0.202011040924/tools/bin/../lib/gcc/arm-none-eabi/9.3.1/../../../../arm-none-eabi/lib/thumb/v7e-m+fp/hard\libc_nano.a(lib_a-sbrkr.o)
 .ARM.attributes
                0x0000000000000925       0x34 c:/st/stm32cubeide_1.6.0/stm32cubeide/plugins/com.st.stm32cube.ide.mcu.externaltools.gnu-tools-for-stm32.9-2020-q2-update.win32_1.5.0.202011040924/tools/bin/../lib/gcc/arm-none-eabi/9.3.1/../../../../arm-none-eabi/lib/thumb/v7e-m+fp/hard\libc_nano.a(lib_a-mlock.o)
 .ARM.attributes
                0x0000000000000959       0x34 c:/st/stm32cubeide_1.6.0/stm32cubeide/plugins/com.st.stm32cube.ide.mcu.externaltools.gnu-tools-for-stm32.9-2020-q2-update.win32_1.5.0.202011040924/tools/bin/../lib/gcc/arm-none-eabi/9.3.1/../../../../arm-none-eabi/lib/thumb/v7e-m+fp/hard\libc_nano.a(lib_a-nano-msizer.o)
 .ARM.attributes
                0x000000000000098d       0x34 c:/st/stm32cubeide_1.6.0/stm32cubeide/plugins/com.st.stm32cube.ide.mcu.externaltools.gnu-tools-for-stm32.9-2020-q2-update.win32_1.5.0.202011040924/tools/bin/../lib/gcc/arm-none-eabi/9.3.1/../../../../arm-none-eabi/lib/thumb/v7e-m+fp/hard\libc_nano.a(lib_a-reent.o)
 .ARM.attributes
                0x00000000000009c1       0x34 c:/st/stm32cubeide_1.6.0/stm32cubeide/plugins/com.st.stm32cube.ide.mcu.externaltools.gnu-tools-for-stm32.9-2020-q2-update.win32_1.5.0.202011040924/tools/bin/../lib/gcc/arm-none-eabi/9.3.1/../../../../arm-none-eabi/lib/thumb/v7e-m+fp/hard\libc_nano.a(lib_a-lock.o)
 .ARM.attributes
                0x00000000000009f5       0x1e c:/st/stm32cubeide_1.6.0/stm32cubeide/plugins/com.st.stm32cube.ide.mcu.externaltools.gnu-tools-for-stm32.9-2020-q2-update.win32_1.5.0.202011040924/tools/bin/../lib/gcc/arm-none-eabi/9.3.1/thumb/v7e-m+fp/hard\libgcc.a(_arm_muldf3.o)
 .ARM.attributes
                0x0000000000000a13       0x1e c:/st/stm32cubeide_1.6.0/stm32cubeide/plugins/com.st.stm32cube.ide.mcu.externaltools.gnu-tools-for-stm32.9-2020-q2-update.win32_1.5.0.202011040924/tools/bin/../lib/gcc/arm-none-eabi/9.3.1/thumb/v7e-m+fp/hard\libgcc.a(_arm_addsubdf3.o)
 .ARM.attributes
                0x0000000000000a31       0x1e c:/st/stm32cubeide_1.6.0/stm32cubeide/plugins/com.st.stm32cube.ide.mcu.externaltools.gnu-tools-for-stm32.9-2020-q2-update.win32_1.5.0.202011040924/tools/bin/../lib/gcc/arm-none-eabi/9.3.1/thumb/v7e-m+fp/hard\libgcc.a(_arm_truncdfsf2.o)
 .ARM.attributes
                0x0000000000000a4f       0x1e c:/st/stm32cubeide_1.6.0/stm32cubeide/plugins/com.st.stm32cube.ide.mcu.externaltools.gnu-tools-for-stm32.9-2020-q2-update.win32_1.5.0.202011040924/tools/bin/../lib/gcc/arm-none-eabi/9.3.1/thumb/v7e-m+fp/hard/crtn.o
OUTPUT(Ass2.elf elf32-littlearm)
LOAD linker stubs
LOAD c:/st/stm32cubeide_1.6.0/stm32cubeide/plugins/com.st.stm32cube.ide.mcu.externaltools.gnu-tools-for-stm32.9-2020-q2-update.win32_1.5.0.202011040924/tools/bin/../lib/gcc/arm-none-eabi/9.3.1/../../../../arm-none-eabi/lib/thumb/v7e-m+fp/hard\libc.a
LOAD c:/st/stm32cubeide_1.6.0/stm32cubeide/plugins/com.st.stm32cube.ide.mcu.externaltools.gnu-tools-for-stm32.9-2020-q2-update.win32_1.5.0.202011040924/tools/bin/../lib/gcc/arm-none-eabi/9.3.1/../../../../arm-none-eabi/lib/thumb/v7e-m+fp/hard\libm.a
LOAD c:/st/stm32cubeide_1.6.0/stm32cubeide/plugins/com.st.stm32cube.ide.mcu.externaltools.gnu-tools-for-stm32.9-2020-q2-update.win32_1.5.0.202011040924/tools/bin/../lib/gcc/arm-none-eabi/9.3.1/thumb/v7e-m+fp/hard\libgcc.a

.debug_info     0x0000000000000000    0x3b6b8
 .debug_info    0x0000000000000000      0xac3 Kalman_filter/kalman_filter.o
 .debug_info    0x0000000000000ac3     0x45a6 Src/main.o
 .debug_info    0x0000000000005069      0xa25 Src/sysmem.o
 .debug_info    0x0000000000005a8e       0x22 Startup/startup_stm32f401retx.o
 .debug_info    0x0000000000005ab0      0x5bb D:\IOT\SDK_1.0.3_NUCLEO-F401RE\lib_stm\libLibraries.a(system_stm32f4xx.o)
 .debug_info    0x000000000000606b      0x62b D:\IOT\SDK_1.0.3_NUCLEO-F401RE\lib_stm\libLibraries.a(stm32f401re_gpio.o)
 .debug_info    0x0000000000006696      0xb9e D:\IOT\SDK_1.0.3_NUCLEO-F401RE\lib_stm\libLibraries.a(stm32f401re_i2c.o)
 .debug_info    0x0000000000007234      0xd5e D:\IOT\SDK_1.0.3_NUCLEO-F401RE\lib_stm\libLibraries.a(stm32f401re_rcc.o)
 .debug_info    0x0000000000007f92      0xb4d D:\IOT\SDK_1.0.3_NUCLEO-F401RE\lib_stm\libLibraries.a(stm32f401re_spi.o)
 .debug_info    0x0000000000008adf      0x922 D:\IOT\SDK_1.0.3_NUCLEO-F401RE\lib_stm\libLibraries.a(timer.o)
 .debug_info    0x0000000000009401      0xafd D:\IOT\SDK_1.0.3_NUCLEO-F401RE\lib_stm\libLibraries.a(temhumsensor.o)
 .debug_info    0x0000000000009efe     0x333f D:\IOT\SDK_1.0.3_NUCLEO-F401RE\lib_stm\libLibraries.a(Ucglib.o)
 .debug_info    0x000000000000d23d     0x329d D:\IOT\SDK_1.0.3_NUCLEO-F401RE\lib_stm\libLibraries.a(ucg_box.o)
 .debug_info    0x00000000000104da     0x2b08 D:\IOT\SDK_1.0.3_NUCLEO-F401RE\lib_stm\libLibraries.a(ucg_ccs.o)
 .debug_info    0x0000000000012fe2     0x324b D:\IOT\SDK_1.0.3_NUCLEO-F401RE\lib_stm\libLibraries.a(ucg_dev_default_cb.o)
 .debug_info    0x000000000001622d     0x3272 D:\IOT\SDK_1.0.3_NUCLEO-F401RE\lib_stm\libLibraries.a(ucg_dev_ic_st7735.o)
 .debug_info    0x000000000001949f     0x3178 D:\IOT\SDK_1.0.3_NUCLEO-F401RE\lib_stm\libLibraries.a(ucg_dev_msg_api.o)
 .debug_info    0x000000000001c617     0x303e D:\IOT\SDK_1.0.3_NUCLEO-F401RE\lib_stm\libLibraries.a(ucg_dev_tft_128x128_st7735.o)
 .debug_info    0x000000000001f655     0x43ab D:\IOT\SDK_1.0.3_NUCLEO-F401RE\lib_stm\libLibraries.a(ucg_font.o)
 .debug_info    0x0000000000023a00     0x3856 D:\IOT\SDK_1.0.3_NUCLEO-F401RE\lib_stm\libLibraries.a(ucg_init.o)
 .debug_info    0x0000000000027256     0x3222 D:\IOT\SDK_1.0.3_NUCLEO-F401RE\lib_stm\libLibraries.a(ucg_line.o)
 .debug_info    0x000000000002a478     0x3056 D:\IOT\SDK_1.0.3_NUCLEO-F401RE\lib_stm\libLibraries.a(ucg_pixel.o)
 .debug_info    0x000000000002d4ce     0x43df D:\IOT\SDK_1.0.3_NUCLEO-F401RE\lib_stm\libLibraries.a(ucg_pixel_font_data.o)
 .debug_info    0x00000000000318ad     0x3231 D:\IOT\SDK_1.0.3_NUCLEO-F401RE\lib_stm\libLibraries.a(ucg_rotate.o)
 .debug_info    0x0000000000034ade      0x339 D:\IOT\SDK_1.0.3_NUCLEO-F401RE\lib_stm\libLibraries.a(buff.o)
 .debug_info    0x0000000000034e17      0x2bd D:\IOT\SDK_1.0.3_NUCLEO-F401RE\lib_stm\libLibraries.a(utilities.o)
 .debug_info    0x00000000000350d4     0x315a D:\IOT\SDK_1.0.3_NUCLEO-F401RE\lib_stm\libLibraries.a(ucg_clip.o)
 .debug_info    0x000000000003822e     0x348a D:\IOT\SDK_1.0.3_NUCLEO-F401RE\lib_stm\libLibraries.a(ucg_com_msg_api.o)

.debug_abbrev   0x0000000000000000     0x2e37
 .debug_abbrev  0x0000000000000000      0x242 Kalman_filter/kalman_filter.o
 .debug_abbrev  0x0000000000000242      0x383 Src/main.o
 .debug_abbrev  0x00000000000005c5      0x1bf Src/sysmem.o
 .debug_abbrev  0x0000000000000784       0x12 Startup/startup_stm32f401retx.o
 .debug_abbrev  0x0000000000000796      0x138 D:\IOT\SDK_1.0.3_NUCLEO-F401RE\lib_stm\libLibraries.a(system_stm32f4xx.o)
 .debug_abbrev  0x00000000000008ce      0x1bf D:\IOT\SDK_1.0.3_NUCLEO-F401RE\lib_stm\libLibraries.a(stm32f401re_gpio.o)
 .debug_abbrev  0x0000000000000a8d      0x196 D:\IOT\SDK_1.0.3_NUCLEO-F401RE\lib_stm\libLibraries.a(stm32f401re_i2c.o)
 .debug_abbrev  0x0000000000000c23      0x1d4 D:\IOT\SDK_1.0.3_NUCLEO-F401RE\lib_stm\libLibraries.a(stm32f401re_rcc.o)
 .debug_abbrev  0x0000000000000df7      0x17f D:\IOT\SDK_1.0.3_NUCLEO-F401RE\lib_stm\libLibraries.a(stm32f401re_spi.o)
 .debug_abbrev  0x0000000000000f76      0x29a D:\IOT\SDK_1.0.3_NUCLEO-F401RE\lib_stm\libLibraries.a(timer.o)
 .debug_abbrev  0x0000000000001210      0x24a D:\IOT\SDK_1.0.3_NUCLEO-F401RE\lib_stm\libLibraries.a(temhumsensor.o)
 .debug_abbrev  0x000000000000145a      0x202 D:\IOT\SDK_1.0.3_NUCLEO-F401RE\lib_stm\libLibraries.a(Ucglib.o)
 .debug_abbrev  0x000000000000165c      0x18b D:\IOT\SDK_1.0.3_NUCLEO-F401RE\lib_stm\libLibraries.a(ucg_box.o)
 .debug_abbrev  0x00000000000017e7       0xf5 D:\IOT\SDK_1.0.3_NUCLEO-F401RE\lib_stm\libLibraries.a(ucg_ccs.o)
 .debug_abbrev  0x00000000000018dc      0x19e D:\IOT\SDK_1.0.3_NUCLEO-F401RE\lib_stm\libLibraries.a(ucg_dev_default_cb.o)
 .debug_abbrev  0x0000000000001a7a      0x1dc D:\IOT\SDK_1.0.3_NUCLEO-F401RE\lib_stm\libLibraries.a(ucg_dev_ic_st7735.o)
 .debug_abbrev  0x0000000000001c56      0x191 D:\IOT\SDK_1.0.3_NUCLEO-F401RE\lib_stm\libLibraries.a(ucg_dev_msg_api.o)
 .debug_abbrev  0x0000000000001de7      0x14e D:\IOT\SDK_1.0.3_NUCLEO-F401RE\lib_stm\libLibraries.a(ucg_dev_tft_128x128_st7735.o)
 .debug_abbrev  0x0000000000001f35      0x2fc D:\IOT\SDK_1.0.3_NUCLEO-F401RE\lib_stm\libLibraries.a(ucg_font.o)
 .debug_abbrev  0x0000000000002231      0x1c6 D:\IOT\SDK_1.0.3_NUCLEO-F401RE\lib_stm\libLibraries.a(ucg_init.o)
 .debug_abbrev  0x00000000000023f7      0x175 D:\IOT\SDK_1.0.3_NUCLEO-F401RE\lib_stm\libLibraries.a(ucg_line.o)
 .debug_abbrev  0x000000000000256c      0x148 D:\IOT\SDK_1.0.3_NUCLEO-F401RE\lib_stm\libLibraries.a(ucg_pixel.o)
 .debug_abbrev  0x00000000000026b4       0x83 D:\IOT\SDK_1.0.3_NUCLEO-F401RE\lib_stm\libLibraries.a(ucg_pixel_font_data.o)
 .debug_abbrev  0x0000000000002737      0x1a3 D:\IOT\SDK_1.0.3_NUCLEO-F401RE\lib_stm\libLibraries.a(ucg_rotate.o)
 .debug_abbrev  0x00000000000028da      0x12a D:\IOT\SDK_1.0.3_NUCLEO-F401RE\lib_stm\libLibraries.a(buff.o)
 .debug_abbrev  0x0000000000002a04       0xce D:\IOT\SDK_1.0.3_NUCLEO-F401RE\lib_stm\libLibraries.a(utilities.o)
 .debug_abbrev  0x0000000000002ad2      0x173 D:\IOT\SDK_1.0.3_NUCLEO-F401RE\lib_stm\libLibraries.a(ucg_clip.o)
 .debug_abbrev  0x0000000000002c45      0x1f2 D:\IOT\SDK_1.0.3_NUCLEO-F401RE\lib_stm\libLibraries.a(ucg_com_msg_api.o)

.debug_aranges  0x0000000000000000      0xcb8
 .debug_aranges
                0x0000000000000000       0x50 Kalman_filter/kalman_filter.o
 .debug_aranges
                0x0000000000000050       0x98 Src/main.o
 .debug_aranges
                0x00000000000000e8       0x20 Src/sysmem.o
 .debug_aranges
                0x0000000000000108       0x28 Startup/startup_stm32f401retx.o
 .debug_aranges
                0x0000000000000130       0x30 D:\IOT\SDK_1.0.3_NUCLEO-F401RE\lib_stm\libLibraries.a(system_stm32f4xx.o)
 .debug_aranges
                0x0000000000000160       0x88 D:\IOT\SDK_1.0.3_NUCLEO-F401RE\lib_stm\libLibraries.a(stm32f401re_gpio.o)
 .debug_aranges
                0x00000000000001e8      0x130 D:\IOT\SDK_1.0.3_NUCLEO-F401RE\lib_stm\libLibraries.a(stm32f401re_i2c.o)
 .debug_aranges
                0x0000000000000318      0x198 D:\IOT\SDK_1.0.3_NUCLEO-F401RE\lib_stm\libLibraries.a(stm32f401re_rcc.o)
 .debug_aranges
                0x00000000000004b0       0xe0 D:\IOT\SDK_1.0.3_NUCLEO-F401RE\lib_stm\libLibraries.a(stm32f401re_spi.o)
 .debug_aranges
                0x0000000000000590       0x70 D:\IOT\SDK_1.0.3_NUCLEO-F401RE\lib_stm\libLibraries.a(timer.o)
 .debug_aranges
                0x0000000000000600       0xe8 D:\IOT\SDK_1.0.3_NUCLEO-F401RE\lib_stm\libLibraries.a(temhumsensor.o)
 .debug_aranges
                0x00000000000006e8       0x48 D:\IOT\SDK_1.0.3_NUCLEO-F401RE\lib_stm\libLibraries.a(Ucglib.o)
 .debug_aranges
                0x0000000000000730       0x48 D:\IOT\SDK_1.0.3_NUCLEO-F401RE\lib_stm\libLibraries.a(ucg_box.o)
 .debug_aranges
                0x0000000000000778       0x30 D:\IOT\SDK_1.0.3_NUCLEO-F401RE\lib_stm\libLibraries.a(ucg_ccs.o)
 .debug_aranges
                0x00000000000007a8       0x48 D:\IOT\SDK_1.0.3_NUCLEO-F401RE\lib_stm\libLibraries.a(ucg_dev_default_cb.o)
 .debug_aranges
                0x00000000000007f0       0x40 D:\IOT\SDK_1.0.3_NUCLEO-F401RE\lib_stm\libLibraries.a(ucg_dev_ic_st7735.o)
 .debug_aranges
                0x0000000000000830       0x60 D:\IOT\SDK_1.0.3_NUCLEO-F401RE\lib_stm\libLibraries.a(ucg_dev_msg_api.o)
 .debug_aranges
                0x0000000000000890       0x20 D:\IOT\SDK_1.0.3_NUCLEO-F401RE\lib_stm\libLibraries.a(ucg_dev_tft_128x128_st7735.o)
 .debug_aranges
                0x00000000000008b0      0x168 D:\IOT\SDK_1.0.3_NUCLEO-F401RE\lib_stm\libLibraries.a(ucg_font.o)
 .debug_aranges
                0x0000000000000a18       0x28 D:\IOT\SDK_1.0.3_NUCLEO-F401RE\lib_stm\libLibraries.a(ucg_init.o)
 .debug_aranges
                0x0000000000000a40       0x48 D:\IOT\SDK_1.0.3_NUCLEO-F401RE\lib_stm\libLibraries.a(ucg_line.o)
 .debug_aranges
                0x0000000000000a88       0x28 D:\IOT\SDK_1.0.3_NUCLEO-F401RE\lib_stm\libLibraries.a(ucg_pixel.o)
 .debug_aranges
                0x0000000000000ab0       0x18 D:\IOT\SDK_1.0.3_NUCLEO-F401RE\lib_stm\libLibraries.a(ucg_pixel_font_data.o)
 .debug_aranges
                0x0000000000000ac8       0x68 D:\IOT\SDK_1.0.3_NUCLEO-F401RE\lib_stm\libLibraries.a(ucg_rotate.o)
 .debug_aranges
                0x0000000000000b30       0x50 D:\IOT\SDK_1.0.3_NUCLEO-F401RE\lib_stm\libLibraries.a(buff.o)
 .debug_aranges
                0x0000000000000b80       0x48 D:\IOT\SDK_1.0.3_NUCLEO-F401RE\lib_stm\libLibraries.a(utilities.o)
 .debug_aranges
                0x0000000000000bc8       0x50 D:\IOT\SDK_1.0.3_NUCLEO-F401RE\lib_stm\libLibraries.a(ucg_clip.o)
 .debug_aranges
                0x0000000000000c18       0xa0 D:\IOT\SDK_1.0.3_NUCLEO-F401RE\lib_stm\libLibraries.a(ucg_com_msg_api.o)

.debug_ranges   0x0000000000000000      0xaf8
 .debug_ranges  0x0000000000000000       0x40 Kalman_filter/kalman_filter.o
 .debug_ranges  0x0000000000000040       0x88 Src/main.o
 .debug_ranges  0x00000000000000c8       0x10 Src/sysmem.o
 .debug_ranges  0x00000000000000d8       0x20 Startup/startup_stm32f401retx.o
 .debug_ranges  0x00000000000000f8       0x20 D:\IOT\SDK_1.0.3_NUCLEO-F401RE\lib_stm\libLibraries.a(system_stm32f4xx.o)
 .debug_ranges  0x0000000000000118       0x78 D:\IOT\SDK_1.0.3_NUCLEO-F401RE\lib_stm\libLibraries.a(stm32f401re_gpio.o)
 .debug_ranges  0x0000000000000190      0x120 D:\IOT\SDK_1.0.3_NUCLEO-F401RE\lib_stm\libLibraries.a(stm32f401re_i2c.o)
 .debug_ranges  0x00000000000002b0      0x188 D:\IOT\SDK_1.0.3_NUCLEO-F401RE\lib_stm\libLibraries.a(stm32f401re_rcc.o)
 .debug_ranges  0x0000000000000438       0xd0 D:\IOT\SDK_1.0.3_NUCLEO-F401RE\lib_stm\libLibraries.a(stm32f401re_spi.o)
 .debug_ranges  0x0000000000000508       0x60 D:\IOT\SDK_1.0.3_NUCLEO-F401RE\lib_stm\libLibraries.a(timer.o)
 .debug_ranges  0x0000000000000568       0xd8 D:\IOT\SDK_1.0.3_NUCLEO-F401RE\lib_stm\libLibraries.a(temhumsensor.o)
 .debug_ranges  0x0000000000000640       0x38 D:\IOT\SDK_1.0.3_NUCLEO-F401RE\lib_stm\libLibraries.a(Ucglib.o)
 .debug_ranges  0x0000000000000678       0x38 D:\IOT\SDK_1.0.3_NUCLEO-F401RE\lib_stm\libLibraries.a(ucg_box.o)
 .debug_ranges  0x00000000000006b0       0x20 D:\IOT\SDK_1.0.3_NUCLEO-F401RE\lib_stm\libLibraries.a(ucg_ccs.o)
 .debug_ranges  0x00000000000006d0       0x38 D:\IOT\SDK_1.0.3_NUCLEO-F401RE\lib_stm\libLibraries.a(ucg_dev_default_cb.o)
 .debug_ranges  0x0000000000000708       0x30 D:\IOT\SDK_1.0.3_NUCLEO-F401RE\lib_stm\libLibraries.a(ucg_dev_ic_st7735.o)
 .debug_ranges  0x0000000000000738       0x50 D:\IOT\SDK_1.0.3_NUCLEO-F401RE\lib_stm\libLibraries.a(ucg_dev_msg_api.o)
 .debug_ranges  0x0000000000000788       0x10 D:\IOT\SDK_1.0.3_NUCLEO-F401RE\lib_stm\libLibraries.a(ucg_dev_tft_128x128_st7735.o)
 .debug_ranges  0x0000000000000798      0x158 D:\IOT\SDK_1.0.3_NUCLEO-F401RE\lib_stm\libLibraries.a(ucg_font.o)
 .debug_ranges  0x00000000000008f0       0x18 D:\IOT\SDK_1.0.3_NUCLEO-F401RE\lib_stm\libLibraries.a(ucg_init.o)
 .debug_ranges  0x0000000000000908       0x38 D:\IOT\SDK_1.0.3_NUCLEO-F401RE\lib_stm\libLibraries.a(ucg_line.o)
 .debug_ranges  0x0000000000000940       0x18 D:\IOT\SDK_1.0.3_NUCLEO-F401RE\lib_stm\libLibraries.a(ucg_pixel.o)
 .debug_ranges  0x0000000000000958       0x58 D:\IOT\SDK_1.0.3_NUCLEO-F401RE\lib_stm\libLibraries.a(ucg_rotate.o)
 .debug_ranges  0x00000000000009b0       0x40 D:\IOT\SDK_1.0.3_NUCLEO-F401RE\lib_stm\libLibraries.a(buff.o)
 .debug_ranges  0x00000000000009f0       0x38 D:\IOT\SDK_1.0.3_NUCLEO-F401RE\lib_stm\libLibraries.a(utilities.o)
 .debug_ranges  0x0000000000000a28       0x40 D:\IOT\SDK_1.0.3_NUCLEO-F401RE\lib_stm\libLibraries.a(ucg_clip.o)
 .debug_ranges  0x0000000000000a68       0x90 D:\IOT\SDK_1.0.3_NUCLEO-F401RE\lib_stm\libLibraries.a(ucg_com_msg_api.o)

.debug_macro    0x0000000000000000     0xffbd
 .debug_macro   0x0000000000000000       0xec Kalman_filter/kalman_filter.o
 .debug_macro   0x00000000000000ec      0xaae Kalman_filter/kalman_filter.o
 .debug_macro   0x0000000000000b9a       0x22 Kalman_filter/kalman_filter.o
 .debug_macro   0x0000000000000bbc       0x4c Kalman_filter/kalman_filter.o
 .debug_macro   0x0000000000000c08       0x18 Kalman_filter/kalman_filter.o
 .debug_macro   0x0000000000000c20       0x94 Kalman_filter/kalman_filter.o
 .debug_macro   0x0000000000000cb4       0x3c Kalman_filter/kalman_filter.o
 .debug_macro   0x0000000000000cf0       0x34 Kalman_filter/kalman_filter.o
 .debug_macro   0x0000000000000d24      0x174 Kalman_filter/kalman_filter.o
 .debug_macro   0x0000000000000e98       0x16 Kalman_filter/kalman_filter.o
 .debug_macro   0x0000000000000eae       0x43 Kalman_filter/kalman_filter.o
 .debug_macro   0x0000000000000ef1       0x57 Kalman_filter/kalman_filter.o
 .debug_macro   0x0000000000000f48       0x34 Kalman_filter/kalman_filter.o
 .debug_macro   0x0000000000000f7c       0x10 Kalman_filter/kalman_filter.o
 .debug_macro   0x0000000000000f8c       0x58 Kalman_filter/kalman_filter.o
 .debug_macro   0x0000000000000fe4       0x71 Kalman_filter/kalman_filter.o
 .debug_macro   0x0000000000001055       0x1c Kalman_filter/kalman_filter.o
 .debug_macro   0x0000000000001071      0x12a Kalman_filter/kalman_filter.o
 .debug_macro   0x000000000000119b      0x339 Kalman_filter/kalman_filter.o
 .debug_macro   0x00000000000014d4      0x1a9 Kalman_filter/kalman_filter.o
 .debug_macro   0x000000000000167d      0x337 Src/main.o
 .debug_macro   0x00000000000019b4       0x16 Src/main.o
 .debug_macro   0x00000000000019ca       0x97 Src/main.o
 .debug_macro   0x0000000000001a61       0xfd Src/main.o
 .debug_macro   0x0000000000001b5e       0x10 Src/main.o
 .debug_macro   0x0000000000001b6e       0x10 Src/main.o
 .debug_macro   0x0000000000001b7e       0x6a Src/main.o
 .debug_macro   0x0000000000001be8       0x1c Src/main.o
 .debug_macro   0x0000000000001c04       0x52 Src/main.o
 .debug_macro   0x0000000000001c56       0x22 Src/main.o
 .debug_macro   0x0000000000001c78       0x10 Src/main.o
 .debug_macro   0x0000000000001c88       0x40 Src/main.o
 .debug_macro   0x0000000000001cc8       0xd5 Src/main.o
 .debug_macro   0x0000000000001d9d       0x1c Src/main.o
 .debug_macro   0x0000000000001db9       0x3d Src/main.o
 .debug_macro   0x0000000000001df6       0x16 Src/main.o
 .debug_macro   0x0000000000001e0c      0x145 Src/main.o
 .debug_macro   0x0000000000001f51      0x103 Src/main.o
 .debug_macro   0x0000000000002054      0x1df Src/main.o
 .debug_macro   0x0000000000002233       0x76 Src/main.o
 .debug_macro   0x00000000000022a9       0x22 Src/main.o
 .debug_macro   0x00000000000022cb      0x301 Src/main.o
 .debug_macro   0x00000000000025cc       0x16 Src/main.o
 .debug_macro   0x00000000000025e2       0x35 Src/main.o
 .debug_macro   0x0000000000002617       0x20 Src/main.o
 .debug_macro   0x0000000000002637       0x6b Src/main.o
 .debug_macro   0x00000000000026a2       0x3b Src/main.o
 .debug_macro   0x00000000000026dd       0x34 Src/main.o
 .debug_macro   0x0000000000002711       0x26 Src/main.o
 .debug_macro   0x0000000000002737      0xe43 Src/main.o
 .debug_macro   0x000000000000357a     0x8018 Src/main.o
 .debug_macro   0x000000000000b592      0x64a Src/main.o
 .debug_macro   0x000000000000bbdc      0x2f4 Src/main.o
 .debug_macro   0x000000000000bed0      0x36c Src/main.o
 .debug_macro   0x000000000000c23c      0x2ba Src/main.o
 .debug_macro   0x000000000000c4f6       0xff Src/sysmem.o
 .debug_macro   0x000000000000c5f5      0x23b Src/sysmem.o
 .debug_macro   0x000000000000c830       0xce D:\IOT\SDK_1.0.3_NUCLEO-F401RE\lib_stm\libLibraries.a(system_stm32f4xx.o)
 .debug_macro   0x000000000000c8fe      0xa66 D:\IOT\SDK_1.0.3_NUCLEO-F401RE\lib_stm\libLibraries.a(system_stm32f4xx.o)
 .debug_macro   0x000000000000d364       0x22 D:\IOT\SDK_1.0.3_NUCLEO-F401RE\lib_stm\libLibraries.a(system_stm32f4xx.o)
 .debug_macro   0x000000000000d386       0x8e D:\IOT\SDK_1.0.3_NUCLEO-F401RE\lib_stm\libLibraries.a(system_stm32f4xx.o)
 .debug_macro   0x000000000000d414       0x51 D:\IOT\SDK_1.0.3_NUCLEO-F401RE\lib_stm\libLibraries.a(system_stm32f4xx.o)
 .debug_macro   0x000000000000d465       0xef D:\IOT\SDK_1.0.3_NUCLEO-F401RE\lib_stm\libLibraries.a(system_stm32f4xx.o)
 .debug_macro   0x000000000000d554       0xc3 D:\IOT\SDK_1.0.3_NUCLEO-F401RE\lib_stm\libLibraries.a(stm32f401re_gpio.o)
 .debug_macro   0x000000000000d617      0x2ee D:\IOT\SDK_1.0.3_NUCLEO-F401RE\lib_stm\libLibraries.a(stm32f401re_gpio.o)
 .debug_macro   0x000000000000d905       0xd5 D:\IOT\SDK_1.0.3_NUCLEO-F401RE\lib_stm\libLibraries.a(stm32f401re_i2c.o)
 .debug_macro   0x000000000000d9da      0x2b4 D:\IOT\SDK_1.0.3_NUCLEO-F401RE\lib_stm\libLibraries.a(stm32f401re_i2c.o)
 .debug_macro   0x000000000000dc8e      0x18d D:\IOT\SDK_1.0.3_NUCLEO-F401RE\lib_stm\libLibraries.a(stm32f401re_rcc.o)
 .debug_macro   0x000000000000de1b      0x644 D:\IOT\SDK_1.0.3_NUCLEO-F401RE\lib_stm\libLibraries.a(stm32f401re_rcc.o)
 .debug_macro   0x000000000000e45f       0xef D:\IOT\SDK_1.0.3_NUCLEO-F401RE\lib_stm\libLibraries.a(stm32f401re_spi.o)
 .debug_macro   0x000000000000e54e      0x366 D:\IOT\SDK_1.0.3_NUCLEO-F401RE\lib_stm\libLibraries.a(stm32f401re_spi.o)
 .debug_macro   0x000000000000e8b4       0xe3 D:\IOT\SDK_1.0.3_NUCLEO-F401RE\lib_stm\libLibraries.a(timer.o)
 .debug_macro   0x000000000000e997       0x1c D:\IOT\SDK_1.0.3_NUCLEO-F401RE\lib_stm\libLibraries.a(timer.o)
 .debug_macro   0x000000000000e9b3       0x16 D:\IOT\SDK_1.0.3_NUCLEO-F401RE\lib_stm\libLibraries.a(timer.o)
 .debug_macro   0x000000000000e9c9       0xe3 D:\IOT\SDK_1.0.3_NUCLEO-F401RE\lib_stm\libLibraries.a(temhumsensor.o)
 .debug_macro   0x000000000000eaac      0x170 D:\IOT\SDK_1.0.3_NUCLEO-F401RE\lib_stm\libLibraries.a(temhumsensor.o)
 .debug_macro   0x000000000000ec1c      0x141 D:\IOT\SDK_1.0.3_NUCLEO-F401RE\lib_stm\libLibraries.a(Ucglib.o)
 .debug_macro   0x000000000000ed5d      0x174 D:\IOT\SDK_1.0.3_NUCLEO-F401RE\lib_stm\libLibraries.a(Ucglib.o)
 .debug_macro   0x000000000000eed1       0x84 D:\IOT\SDK_1.0.3_NUCLEO-F401RE\lib_stm\libLibraries.a(ucg_box.o)
 .debug_macro   0x000000000000ef55       0x84 D:\IOT\SDK_1.0.3_NUCLEO-F401RE\lib_stm\libLibraries.a(ucg_ccs.o)
 .debug_macro   0x000000000000efd9       0x84 D:\IOT\SDK_1.0.3_NUCLEO-F401RE\lib_stm\libLibraries.a(ucg_dev_default_cb.o)
 .debug_macro   0x000000000000f05d       0x84 D:\IOT\SDK_1.0.3_NUCLEO-F401RE\lib_stm\libLibraries.a(ucg_dev_ic_st7735.o)
 .debug_macro   0x000000000000f0e1       0x88 D:\IOT\SDK_1.0.3_NUCLEO-F401RE\lib_stm\libLibraries.a(ucg_dev_msg_api.o)
 .debug_macro   0x000000000000f169       0x84 D:\IOT\SDK_1.0.3_NUCLEO-F401RE\lib_stm\libLibraries.a(ucg_dev_tft_128x128_st7735.o)
 .debug_macro   0x000000000000f1ed      0x15a D:\IOT\SDK_1.0.3_NUCLEO-F401RE\lib_stm\libLibraries.a(ucg_font.o)
 .debug_macro   0x000000000000f347       0x46 D:\IOT\SDK_1.0.3_NUCLEO-F401RE\lib_stm\libLibraries.a(ucg_font.o)
 .debug_macro   0x000000000000f38d       0x18 D:\IOT\SDK_1.0.3_NUCLEO-F401RE\lib_stm\libLibraries.a(ucg_font.o)
 .debug_macro   0x000000000000f3a5       0x3c D:\IOT\SDK_1.0.3_NUCLEO-F401RE\lib_stm\libLibraries.a(ucg_font.o)
 .debug_macro   0x000000000000f3e1       0x52 D:\IOT\SDK_1.0.3_NUCLEO-F401RE\lib_stm\libLibraries.a(ucg_font.o)
 .debug_macro   0x000000000000f433       0x1f D:\IOT\SDK_1.0.3_NUCLEO-F401RE\lib_stm\libLibraries.a(ucg_font.o)
 .debug_macro   0x000000000000f452       0x43 D:\IOT\SDK_1.0.3_NUCLEO-F401RE\lib_stm\libLibraries.a(ucg_font.o)
 .debug_macro   0x000000000000f495       0x20 D:\IOT\SDK_1.0.3_NUCLEO-F401RE\lib_stm\libLibraries.a(ucg_font.o)
 .debug_macro   0x000000000000f4b5      0x1a3 D:\IOT\SDK_1.0.3_NUCLEO-F401RE\lib_stm\libLibraries.a(ucg_font.o)
 .debug_macro   0x000000000000f658      0x330 D:\IOT\SDK_1.0.3_NUCLEO-F401RE\lib_stm\libLibraries.a(ucg_font.o)
 .debug_macro   0x000000000000f988       0x10 D:\IOT\SDK_1.0.3_NUCLEO-F401RE\lib_stm\libLibraries.a(ucg_font.o)
 .debug_macro   0x000000000000f998       0x35 D:\IOT\SDK_1.0.3_NUCLEO-F401RE\lib_stm\libLibraries.a(ucg_font.o)
 .debug_macro   0x000000000000f9cd      0x145 D:\IOT\SDK_1.0.3_NUCLEO-F401RE\lib_stm\libLibraries.a(ucg_init.o)
 .debug_macro   0x000000000000fb12       0x84 D:\IOT\SDK_1.0.3_NUCLEO-F401RE\lib_stm\libLibraries.a(ucg_line.o)