Archive member included to satisfy reference by file (symbol)

D:\IOT\SDK_1.0.3_NUCLEO-F401RE\lib_stm\libLibraries.a(system_stm32f4xx.o)
                              Src/main.o (SystemCoreClockUpdate)
D:\IOT\SDK_1.0.3_NUCLEO-F401RE\lib_stm\libLibraries.a(stm32f401re_adc.o)
                              Src/main.o (ADC_Init)
D:\IOT\SDK_1.0.3_NUCLEO-F401RE\lib_stm\libLibraries.a(stm32f401re_dma.o)
                              Src/main.o (DMA_DeInit)
D:\IOT\SDK_1.0.3_NUCLEO-F401RE\lib_stm\libLibraries.a(stm32f401re_gpio.o)
                              Src/main.o (GPIO_Init)
D:\IOT\SDK_1.0.3_NUCLEO-F401RE\lib_stm\libLibraries.a(stm32f401re_rcc.o)
                              Src/main.o (RCC_AHB1PeriphClockCmd)
D:\IOT\SDK_1.0.3_NUCLEO-F401RE\lib_stm\libLibraries.a(stm32f401re_tim.o)
                              Src/main.o (TIM_TimeBaseInit)
D:\IOT\SDK_1.0.3_NUCLEO-F401RE\lib_stm\libLibraries.a(timer.o)
                              Src/main.o (TimerInit)
D:\IOT\SDK_1.0.3_NUCLEO-F401RE\lib_stm\libLibraries.a(utilities.o)
                              D:\IOT\SDK_1.0.3_NUCLEO-F401RE\lib_stm\libLibraries.a(timer.o) (memsetl)
c:/st/stm32cubeide_1.6.0/stm32cubeide/plugins/com.st.stm32cube.ide.mcu.externaltools.gnu-tools-for-stm32.9-2020-q2-update.win32_1.5.0.202011040924/tools/bin/../lib/gcc/arm-none-eabi/9.3.1/../../../../arm-none-eabi/lib/thumb/v7e-m+fp/hard\libc_nano.a(lib_a-errno.o)
                              Src/syscalls.o (__errno)
c:/st/stm32cubeide_1.6.0/stm32cubeide/plugins/com.st.stm32cube.ide.mcu.externaltools.gnu-tools-for-stm32.9-2020-q2-update.win32_1.5.0.202011040924/tools/bin/../lib/gcc/arm-none-eabi/9.3.1/../../../../arm-none-eabi/lib/thumb/v7e-m+fp/hard\libc_nano.a(lib_a-exit.o)
                              c:/st/stm32cubeide_1.6.0/stm32cubeide/plugins/com.st.stm32cube.ide.mcu.externaltools.gnu-tools-for-stm32.9-2020-q2-update.win32_1.5.0.202011040924/tools/bin/../lib/gcc/arm-none-eabi/9.3.1/../../../../arm-none-eabi/lib/thumb/v7e-m+fp/hard/crt0.o (exit)
c:/st/stm32cubeide_1.6.0/stm32cubeide/plugins/com.st.stm32cube.ide.mcu.externaltools.gnu-tools-for-stm32.9-2020-q2-update.win32_1.5.0.202011040924/tools/bin/../lib/gcc/arm-none-eabi/9.3.1/../../../../arm-none-eabi/lib/thumb/v7e-m+fp/hard\libc_nano.a(lib_a-impure.o)
                              c:/st/stm32cubeide_1.6.0/stm32cubeide/plugins/com.st.stm32cube.ide.mcu.externaltools.gnu-tools-for-stm32.9-2020-q2-update.win32_1.5.0.202011040924/tools/bin/../lib/gcc/arm-none-eabi/9.3.1/../../../../arm-none-eabi/lib/thumb/v7e-m+fp/hard\libc_nano.a(lib_a-exit.o) (_global_impure_ptr)
c:/st/stm32cubeide_1.6.0/stm32cubeide/plugins/com.st.stm32cube.ide.mcu.externaltools.gnu-tools-for-stm32.9-2020-q2-update.win32_1.5.0.202011040924/tools/bin/../lib/gcc/arm-none-eabi/9.3.1/../../../../arm-none-eabi/lib/thumb/v7e-m+fp/hard\libc_nano.a(lib_a-init.o)
                              c:/st/stm32cubeide_1.6.0/stm32cubeide/plugins/com.st.stm32cube.ide.mcu.externaltools.gnu-tools-for-stm32.9-2020-q2-update.win32_1.5.0.202011040924/tools/bin/../lib/gcc/arm-none-eabi/9.3.1/../../../../arm-none-eabi/lib/thumb/v7e-m+fp/hard/crt0.o (__libc_init_array)
c:/st/stm32cubeide_1.6.0/stm32cubeide/plugins/com.st.stm32cube.ide.mcu.externaltools.gnu-tools-for-stm32.9-2020-q2-update.win32_1.5.0.202011040924/tools/bin/../lib/gcc/arm-none-eabi/9.3.1/../../../../arm-none-eabi/lib/thumb/v7e-m+fp/hard\libc_nano.a(lib_a-memset.o)
                              c:/st/stm32cubeide_1.6.0/stm32cubeide/plugins/com.st.stm32cube.ide.mcu.externaltools.gnu-tools-for-stm32.9-2020-q2-update.win32_1.5.0.202011040924/tools/bin/../lib/gcc/arm-none-eabi/9.3.1/../../../../arm-none-eabi/lib/thumb/v7e-m+fp/hard/crt0.o (memset)
c:/st/stm32cubeide_1.6.0/stm32cubeide/plugins/com.st.stm32cube.ide.mcu.externaltools.gnu-tools-for-stm32.9-2020-q2-update.win32_1.5.0.202011040924/tools/bin/../lib/gcc/arm-none-eabi/9.3.1/thumb/v7e-m+fp/hard\libgcc.a(_arm_muldf3.o)
                              Kalman_filter/kalman_filter.o (__aeabi_dmul)
c:/st/stm32cubeide_1.6.0/stm32cubeide/plugins/com.st.stm32cube.ide.mcu.externaltools.gnu-tools-for-stm32.9-2020-q2-update.win32_1.5.0.202011040924/tools/bin/../lib/gcc/arm-none-eabi/9.3.1/thumb/v7e-m+fp/hard\libgcc.a(_arm_addsubdf3.o)
                              Kalman_filter/kalman_filter.o (__aeabi_dsub)
c:/st/stm32cubeide_1.6.0/stm32cubeide/plugins/com.st.stm32cube.ide.mcu.externaltools.gnu-tools-for-stm32.9-2020-q2-update.win32_1.5.0.202011040924/tools/bin/../lib/gcc/arm-none-eabi/9.3.1/thumb/v7e-m+fp/hard\libgcc.a(_arm_truncdfsf2.o)
                              Kalman_filter/kalman_filter.o (__aeabi_d2f)

Discarded input sections

 .text          0x0000000000000000        0x0 c:/st/stm32cubeide_1.6.0/stm32cubeide/plugins/com.st.stm32cube.ide.mcu.externaltools.gnu-tools-for-stm32.9-2020-q2-update.win32_1.5.0.202011040924/tools/bin/../lib/gcc/arm-none-eabi/9.3.1/thumb/v7e-m+fp/hard/crti.o
[...]
Memory Configuration

Name             Origin             Length             Attributes
RAM              0x0000000020000000 0x0000000000018000 xrw
FLASH            0x0000000008000000 0x0000000000080000 xr
*default*        0x0000000000000000 0xffffffffffffffff

Linker script and memory map

LOAD c:/st/stm32cubeide_1.6.0/stm32cubeide/plugins/com.st.stm32cube.ide.mcu.externaltools.gnu-tools-for-stm32.9-2020-q2-update.win32_1.5.0.202011040924/tools/bin/../lib/gcc/arm-none-eabi/9.3.1/thumb/v7e-m+fp/hard/crti.o
LOAD c:/st/stm32cubeide_1.6.0/stm32cubeide/plugins/com.st.stm32cube.ide.mcu.externaltools.gnu-tools-for-stm32.9-2020-q2-update.win32_1.5.0.202011040924/tools/bin/../lib/gcc/arm-none-eabi/9.3.1/thumb/v7e-m+fp/hard/crtbegin.o
LOAD c:/st/stm32cubeide_1.6.0/stm32cubeide/plugins/com.st.stm32cube.ide.mcu.externaltools.gnu-tools-for-stm32.9-2020-q2-update.win32_1.5.0.202011040924/tools/bin/../lib/gcc/arm-none-eabi/9.3.1/../../../../arm-none-eabi/lib/thumb/v7e-m+fp/hard/crt0.o
LOAD Kalman_filter/kalman_filter.o
LOAD Src/main.o
LOAD Src/syscalls.o
LOAD Src/sysmem.o
LOAD Startup/startup_stm32f401retx.o
LOAD D:\IOT\SDK_1.0.3_NUCLEO-F401RE\lib_stm\libLibraries.a
START GROUP
LOAD D:\IOT\SDK_1.0.3_NUCLEO-F401RE\lib_stm\libLibraries.a
END GROUP
START GROUP
LOAD c:/st/stm32cubeide_1.6.0/stm32cubeide/plugins/com.st.stm32cube.ide.mcu.externaltools.gnu-tools-for-stm32.9-2020-q2-update.win32_1.5.0.202011040924/tools/bin/../lib/gcc/arm-none-eabi/9.3.1/../../../../arm-none-eabi/lib/thumb/v7e-m+fp/hard\libc_nano.a
LOAD c:/st/stm32cubeide_1.6.0/stm32cubeide/plugins/com.st.stm32cube.ide.mcu.externaltools.gnu-tools-for-stm32.9-2020-q2-update.win32_1.5.0.202011040924/tools/bin/../lib/gcc/arm-none-eabi/9.3.1/../../../../arm-none-eabi/lib/thumb/v7e-m+fp/hard\libm.a
END GROUP
START GROUP
LOAD c:/st/stm32cubeide_1.6.0/stm32cubeide/plugins/com.st.stm32cube.ide.mcu.externaltools.gnu-tools-for-stm32.9-2020-q2-update.win32_1.5.0.202011040924/tools/bin/../lib/gcc/arm-none-eabi/9.3.1/thumb/v7e-m+fp/hard\libgcc.a
LOAD c:/st/stm32cubeide_1.6.0/stm32cubeide/plugins/com.st.stm32cube.ide.mcu.externaltools.gnu-tools-for-stm32.9-2020-q2-update.win32_1.5.0.202011040924/tools/bin/../lib/gcc/arm-none-eabi/9.3.1/../../../../arm-none-eabi/lib/thumb/v7e-m+fp/hard\libc_nano.a
END GROUP
START GROUP
LOAD c:/st/stm32cubeide_1.6.0/stm32cubeide/plugins/com.st.stm32cube.ide.mcu.externaltools.gnu-tools-for-stm32.9-2020-q2-update.win32_1.5.0.202011040924/tools/bin/../lib/gcc/arm-none-eabi/9.3.1/thumb/v7e-m+fp/hard\libgcc.a
LOAD c:/st/stm32cubeide_1.6.0/stm32cubeide/plugins/com.st.stm32cube.ide.mcu.externaltools.gnu-tools-for-stm32.9-2020-q2-update.win32_1.5.0.202011040924/tools/bin/../lib/gcc/arm-none-eabi/9.3.1/../../../../arm-none-eabi/lib/thumb/v7e-m+fp/hard\libc_nano.a
LOAD c:/st/stm32cubeide_1.6.0/stm32cubeide/plugins/com.st.stm32cube.ide.mcu.externaltools.gnu-tools-for-stm32.9-2020-q2-update.win32_1.5.0.202011040924/tools/bin/../lib/gcc/arm-none-eabi/9.3.1/../../../../arm-none-eabi/lib/thumb/v7e-m+fp/hard\libnosys.a
END GROUP
START GROUP
LOAD c:/st/stm32cubeide_1.6.0/stm32cubeide/plugins/com.st.stm32cube.ide.mcu.externaltools.gnu-tools-for-stm32.9-2020-q2-update.win32_1.5.0.202011040924/tools/bin/../lib/gcc/arm-none-eabi/9.3.1/thumb/v7e-m+fp/hard\libgcc.a
LOAD c:/st/stm32cubeide_1.6.0/stm32cubeide/plugins/com.st.stm32cube.ide.mcu.externaltools.gnu-tools-for-stm32.9-2020-q2-update.win32_1.5.0.202011040924/tools/bin/../lib/gcc/arm-none-eabi/9.3.1/../../../../arm-none-eabi/lib/thumb/v7e-m+fp/hard\libc_nano.a
LOAD c:/st/stm32cubeide_1.6.0/stm32cubeide/plugins/com.st.stm32cube.ide.mcu.externaltools.gnu-tools-for-stm32.9-2020-q2-update.win32_1.5.0.202011040924/tools/bin/../lib/gcc/arm-none-eabi/9.3.1/../../../../arm-none-eabi/lib/thumb/v7e-m+fp/hard\libnosys.a
END GROUP
LOAD c:/st/stm32cubeide_1.6.0/stm32cubeide/plugins/com.st.stm32cube.ide.mcu.externaltools.gnu-tools-for-stm32.9-2020-q2-update.win32_1.5.0.202011040924/tools/bin/../lib/gcc/arm-none-eabi/9.3.1/thumb/v7e-m+fp/hard/crtend.o
LOAD c:/st/stm32cubeide_1.6.0/stm32cubeide/plugins/com.st.stm32cube.ide.mcu.externaltools.gnu-tools-for-stm32.9-2020-q2-update.win32_1.5.0.202011040924/tools/bin/../lib/gcc/arm-none-eabi/9.3.1/thumb/v7e-m+fp/hard/crtn.o
                0x0000000020018000                _estack = (ORIGIN (RAM) + LENGTH (RAM))
                0x0000000000000200                _Min_Heap_Size = 0x200
                0x0000000000000400                _Min_Stack_Size = 0x400

.isr_vector     0x0000000008000000      0x194
                0x0000000008000000                . = ALIGN (0x4)
 *(.isr_vector)
 .isr_vector    0x0000000008000000      0x194 Startup/startup_stm32f401retx.o
                0x0000000008000000                g_pfnVectors
                0x0000000008000194                . = ALIGN (0x4)

.text           0x0000000008000194     0x1dec
                0x0000000008000194                . = ALIGN (0x4)
 *(.text)
 .text          0x0000000008000194       0x40 c:/st/stm32cubeide_1.6.0/stm32cubeide/plugins/com.st.stm32cube.ide.mcu.externaltools.gnu-tools-for-stm32.9-2020-q2-update.win32_1.5.0.202011040924/tools/bin/../lib/gcc/arm-none-eabi/9.3.1/thumb/v7e-m+fp/hard/crtbegin.o
 .text          0x00000000080001d4      0x254 c:/st/stm32cubeide_1.6.0/stm32cubeide/plugins/com.st.stm32cube.ide.mcu.externaltools.gnu-tools-for-stm32.9-2020-q2-update.win32_1.5.0.202011040924/tools/bin/../lib/gcc/arm-none-eabi/9.3.1/thumb/v7e-m+fp/hard\libgcc.a(_arm_muldf3.o)
                0x00000000080001d4                __muldf3
                0x00000000080001d4                __aeabi_dmul
 .text          0x0000000008000428      0x378 c:/st/stm32cubeide_1.6.0/stm32cubeide/plugins/com.st.stm32cube.ide.mcu.externaltools.gnu-tools-for-stm32.9-2020-q2-update.win32_1.5.0.202011040924/tools/bin/../lib/gcc/arm-none-eabi/9.3.1/thumb/v7e-m+fp/hard\libgcc.a(_arm_addsubdf3.o)
                0x0000000008000428                __aeabi_drsub
                0x0000000008000430                __aeabi_dsub
                0x0000000008000430                __subdf3
                0x0000000008000434                __aeabi_dadd
                0x0000000008000434                __adddf3
                0x00000000080006ac                __floatunsidf
                0x00000000080006ac                __aeabi_ui2d
                0x00000000080006cc                __floatsidf
                0x00000000080006cc                __aeabi_i2d
                0x00000000080006f0                __aeabi_f2d
                0x00000000080006f0                __extendsfdf2
                0x0000000008000734                __floatundidf
                0x0000000008000734                __aeabi_ul2d
                0x0000000008000744                __floatdidf
                0x0000000008000744                __aeabi_l2d
 .text          0x00000000080007a0       0xa0 c:/st/stm32cubeide_1.6.0/stm32cubeide/plugins/com.st.stm32cube.ide.mcu.externaltools.gnu-tools-for-stm32.9-2020-q2-update.win32_1.5.0.202011040924/tools/bin/../lib/gcc/arm-none-eabi/9.3.1/thumb/v7e-m+fp/hard\libgcc.a(_arm_truncdfsf2.o)
                0x00000000080007a0                __truncdfsf2
                0x00000000080007a0                __aeabi_d2f
 *(.text*)
 .text.KalmanFilterInit
                0x0000000008000840       0x3c Kalman_filter/kalman_filter.o
                0x0000000008000840                KalmanFilterInit
 .text.KalmanFilter_updateEstimate
                0x000000000800087c      0x120 Kalman_filter/kalman_filter.o
                0x000000000800087c                KalmanFilter_updateEstimate
 .text.LightSensor_Init
                0x000000000800099c      0x13c Src/main.o
                0x000000000800099c                LightSensor_Init
 .text.LedControl_TimerOCInit
                0x0000000008000ad8       0xa8 Src/main.o
                0x0000000008000ad8                LedControl_TimerOCInit
 .text.LightSensor_AdcDMARead
                0x0000000008000b80       0x18 Src/main.o
                0x0000000008000b80                LightSensor_AdcDMARead
 .text.Kalman_Filter
                0x0000000008000b98       0x42 Src/main.o
                0x0000000008000b98                Kalman_Filter
 *fill*         0x0000000008000bda        0x2 
 .text.LedControl_TimerOCSetPwm
                0x0000000008000bdc       0x48 Src/main.o
                0x0000000008000bdc                LedControl_TimerOCSetPwm
 .text.ABL_StepBrightness
                0x0000000008000c24       0x64 Src/main.o
                0x0000000008000c24                ABL_StepBrightness
 .text.ABL_Process
                0x0000000008000c88       0x80 Src/main.o
                0x0000000008000c88                ABL_Process
 .text.main     0x0000000008000d08       0x2c Src/main.o
                0x0000000008000d08                main
 .text.Reset_Handler
                0x0000000008000d34       0x50 Startup/startup_stm32f401retx.o
                0x0000000008000d34                Reset_Handler
 .text.Default_Handler
                0x0000000008000d84        0x2 Startup/startup_stm32f401retx.o
                0x0000000008000d84                RTC_Alarm_IRQHandler
                0x0000000008000d84                EXTI2_IRQHandler
                0x0000000008000d84                DebugMon_Handler
                0x0000000008000d84                SPI4_IRQHandler
                0x0000000008000d84                TIM1_CC_IRQHandler
                0x0000000008000d84                HardFault_Handler
                0x0000000008000d84                PVD_IRQHandler
                0x0000000008000d84                SDIO_IRQHandler
                0x0000000008000d84                TAMP_STAMP_IRQHandler
                0x0000000008000d84                PendSV_Handler
                0x0000000008000d84                NMI_Handler
                0x0000000008000d84                EXTI3_IRQHandler
                0x0000000008000d84                TIM1_UP_TIM10_IRQHandler
                0x0000000008000d84                I2C3_ER_IRQHandler
                0x0000000008000d84                EXTI0_IRQHandler
                0x0000000008000d84                I2C2_EV_IRQHandler
                0x0000000008000d84                FPU_IRQHandler
                0x0000000008000d84                UsageFault_Handler
                0x0000000008000d84                SPI1_IRQHandler
                0x0000000008000d84                TIM1_BRK_TIM9_IRQHandler
                0x0000000008000d84                I2C1_EV_IRQHandler
                0x0000000008000d84                TIM3_IRQHandler
                0x0000000008000d84                RCC_IRQHandler
                0x0000000008000d84                Default_Handler
                0x0000000008000d84                EXTI15_10_IRQHandler
                0x0000000008000d84                ADC_IRQHandler
                0x0000000008000d84                I2C3_EV_IRQHandler
                0x0000000008000d84                EXTI9_5_IRQHandler
                0x0000000008000d84                RTC_WKUP_IRQHandler
                0x0000000008000d84                SPI2_IRQHandler
                0x0000000008000d84                MemManage_Handler
                0x0000000008000d84                SVC_Handler
                0x0000000008000d84                EXTI4_IRQHandler
                0x0000000008000d84                TIM2_IRQHandler
                0x0000000008000d84                OTG_FS_WKUP_IRQHandler
                0x0000000008000d84                TIM1_TRG_COM_TIM11_IRQHandler
                0x0000000008000d84                EXTI1_IRQHandler
                0x0000000008000d84                I2C2_ER_IRQHandler
                0x0000000008000d84                FLASH_IRQHandler
                0x0000000008000d84                BusFault_Handler
                0x0000000008000d84                OTG_FS_IRQHandler
                0x0000000008000d84                SPI3_IRQHandler
                0x0000000008000d84                I2C1_ER_IRQHandler
 *fill*         0x0000000008000d86        0x2 
 .text.SystemInit
                0x0000000008000d88       0x6c D:\IOT\SDK_1.0.3_NUCLEO-F401RE\lib_stm\libLibraries.a(system_stm32f4xx.o)
                0x0000000008000d88                SystemInit
 .text.SystemCoreClockUpdate
                0x0000000008000df4       0xf8 D:\IOT\SDK_1.0.3_NUCLEO-F401RE\lib_stm\libLibraries.a(system_stm32f4xx.o)
                0x0000000008000df4                SystemCoreClockUpdate
 .text.SetSysClock
                0x0000000008000eec       0xa0 D:\IOT\SDK_1.0.3_NUCLEO-F401RE\lib_stm\libLibraries.a(system_stm32f4xx.o)
 .text.ADC_Init
                0x0000000008000f8c       0xac D:\IOT\SDK_1.0.3_NUCLEO-F401RE\lib_stm\libLibraries.a(stm32f401re_adc.o)
                0x0000000008000f8c                ADC_Init
 .text.ADC_CommonInit
                0x0000000008001038       0x50 D:\IOT\SDK_1.0.3_NUCLEO-F401RE\lib_stm\libLibraries.a(stm32f401re_adc.o)
                0x0000000008001038                ADC_CommonInit
 .text.ADC_Cmd  0x0000000008001088       0x38 D:\IOT\SDK_1.0.3_NUCLEO-F401RE\lib_stm\libLibraries.a(stm32f401re_adc.o)
                0x0000000008001088                ADC_Cmd
 .text.ADC_TempSensorVrefintCmd
                0x00000000080010c0       0x3c D:\IOT\SDK_1.0.3_NUCLEO-F401RE\lib_stm\libLibraries.a(stm32f401re_adc.o)
                0x00000000080010c0                ADC_TempSensorVrefintCmd
 .text.ADC_RegularChannelConfig
                0x00000000080010fc      0x194 D:\IOT\SDK_1.0.3_NUCLEO-F401RE\lib_stm\libLibraries.a(stm32f401re_adc.o)
                0x00000000080010fc                ADC_RegularChannelConfig
 .text.ADC_SoftwareStartConv
                0x0000000008001290       0x20 D:\IOT\SDK_1.0.3_NUCLEO-F401RE\lib_stm\libLibraries.a(stm32f401re_adc.o)
                0x0000000008001290                ADC_SoftwareStartConv
 .text.ADC_DMACmd
                0x00000000080012b0       0x38 D:\IOT\SDK_1.0.3_NUCLEO-F401RE\lib_stm\libLibraries.a(stm32f401re_adc.o)
                0x00000000080012b0                ADC_DMACmd
 .text.ADC_DMARequestAfterLastTransferCmd
                0x00000000080012e8       0x38 D:\IOT\SDK_1.0.3_NUCLEO-F401RE\lib_stm\libLibraries.a(stm32f401re_adc.o)
                0x00000000080012e8                ADC_DMARequestAfterLastTransferCmd
 .text.DMA_DeInit
                0x0000000008001320      0x1a8 D:\IOT\SDK_1.0.3_NUCLEO-F401RE\lib_stm\libLibraries.a(stm32f401re_dma.o)
                0x0000000008001320                DMA_DeInit
 .text.DMA_Init
                0x00000000080014c8       0xb0 D:\IOT\SDK_1.0.3_NUCLEO-F401RE\lib_stm\libLibraries.a(stm32f401re_dma.o)
                0x00000000080014c8                DMA_Init
 .text.DMA_Cmd  0x0000000008001578       0x38 D:\IOT\SDK_1.0.3_NUCLEO-F401RE\lib_stm\libLibraries.a(stm32f401re_dma.o)
                0x0000000008001578                DMA_Cmd
 .text.GPIO_Init
                0x00000000080015b0      0x11c D:\IOT\SDK_1.0.3_NUCLEO-F401RE\lib_stm\libLibraries.a(stm32f401re_gpio.o)
                0x00000000080015b0                GPIO_Init
 .text.GPIO_PinAFConfig
                0x00000000080016cc       0x92 D:\IOT\SDK_1.0.3_NUCLEO-F401RE\lib_stm\libLibraries.a(stm32f401re_gpio.o)
                0x00000000080016cc                GPIO_PinAFConfig
 *fill*         0x000000000800175e        0x2 
 .text.RCC_GetClocksFreq
                0x0000000008001760      0x150 D:\IOT\SDK_1.0.3_NUCLEO-F401RE\lib_stm\libLibraries.a(stm32f401re_rcc.o)
                0x0000000008001760                RCC_GetClocksFreq
 .text.RCC_AHB1PeriphClockCmd
                0x00000000080018b0       0x40 D:\IOT\SDK_1.0.3_NUCLEO-F401RE\lib_stm\libLibraries.a(stm32f401re_rcc.o)
                0x00000000080018b0                RCC_AHB1PeriphClockCmd
 .text.RCC_APB2PeriphClockCmd
                0x00000000080018f0       0x40 D:\IOT\SDK_1.0.3_NUCLEO-F401RE\lib_stm\libLibraries.a(stm32f401re_rcc.o)
                0x00000000080018f0                RCC_APB2PeriphClockCmd
 .text.TIM_TimeBaseInit
                0x0000000008001930       0xd8 D:\IOT\SDK_1.0.3_NUCLEO-F401RE\lib_stm\libLibraries.a(stm32f401re_tim.o)
                0x0000000008001930                TIM_TimeBaseInit
 .text.TIM_Cmd  0x0000000008001a08       0x40 D:\IOT\SDK_1.0.3_NUCLEO-F401RE\lib_stm\libLibraries.a(stm32f401re_tim.o)
                0x0000000008001a08                TIM_Cmd
 .text.TIM_OC4Init
                0x0000000008001a48       0xd0 D:\IOT\SDK_1.0.3_NUCLEO-F401RE\lib_stm\libLibraries.a(stm32f401re_tim.o)
                0x0000000008001a48                TIM_OC4Init
 .text.TIM_SetCompare4
                0x0000000008001b18       0x1c D:\IOT\SDK_1.0.3_NUCLEO-F401RE\lib_stm\libLibraries.a(stm32f401re_tim.o)
                0x0000000008001b18                TIM_SetCompare4
 .text.TIM_CtrlPWMOutputs
                0x0000000008001b34       0x4c D:\IOT\SDK_1.0.3_NUCLEO-F401RE\lib_stm\libLibraries.a(stm32f401re_tim.o)
                0x0000000008001b34                TIM_CtrlPWMOutputs
 .text.NVIC_SetPriority
                0x0000000008001b80       0x54 D:\IOT\SDK_1.0.3_NUCLEO-F401RE\lib_stm\libLibraries.a(timer.o)
 .text.SysTick_Config
                0x0000000008001bd4       0x44 D:\IOT\SDK_1.0.3_NUCLEO-F401RE\lib_stm\libLibraries.a(timer.o)
 .text.TimerInit
                0x0000000008001c18       0x44 D:\IOT\SDK_1.0.3_NUCLEO-F401RE\lib_stm\libLibraries.a(timer.o)
                0x0000000008001c18                TimerInit
 .text.TimerStop
                0x0000000008001c5c       0xa0 D:\IOT\SDK_1.0.3_NUCLEO-F401RE\lib_stm\libLibraries.a(timer.o)
                0x0000000008001c5c                TimerStop
 .text.GetMilSecTick
                0x0000000008001cfc       0x18 D:\IOT\SDK_1.0.3_NUCLEO-F401RE\lib_stm\libLibraries.a(timer.o)
                0x0000000008001cfc                GetMilSecTick
 .text.processTimerScheduler
                0x0000000008001d14       0xf0 D:\IOT\SDK_1.0.3_NUCLEO-F401RE\lib_stm\libLibraries.a(timer.o)
                0x0000000008001d14                processTimerScheduler
 .text.TimeExpired
                0x0000000008001e04       0xcc D:\IOT\SDK_1.0.3_NUCLEO-F401RE\lib_stm\libLibraries.a(timer.o)
 .text.SysTick_Handler
                0x0000000008001ed0       0x1c D:\IOT\SDK_1.0.3_NUCLEO-F401RE\lib_stm\libLibraries.a(timer.o)
                0x0000000008001ed0                SysTick_Handler
 .text.memsetl  0x0000000008001eec       0x32 D:\IOT\SDK_1.0.3_NUCLEO-F401RE\lib_stm\libLibraries.a(utilities.o)
                0x0000000008001eec                memsetl
 *fill*         0x0000000008001f1e        0x2 
 .text.__libc_init_array
                0x0000000008001f20       0x48 c:/st/stm32cubeide_1.6.0/stm32cubeide/plugins/com.st.stm32cube.ide.mcu.externaltools.gnu-tools-for-stm32.9-2020-q2-update.win32_1.5.0.202011040924/tools/bin/../lib/gcc/arm-none-eabi/9.3.1/../../../../arm-none-eabi/lib/thumb/v7e-m+fp/hard\libc_nano.a(lib_a-init.o)
                0x0000000008001f20                __libc_init_array
 *(.glue_7)
 .glue_7        0x0000000008001f68        0x0 linker stubs
 *(.glue_7t)
 .glue_7t       0x0000000008001f68        0x0 linker stubs
 *(.eh_frame)
 .eh_frame      0x0000000008001f68        0x0 c:/st/stm32cubeide_1.6.0/stm32cubeide/plugins/com.st.stm32cube.ide.mcu.externaltools.gnu-tools-for-stm32.9-2020-q2-update.win32_1.5.0.202011040924/tools/bin/../lib/gcc/arm-none-eabi/9.3.1/thumb/v7e-m+fp/hard/crtbegin.o
 *(.init)
 .init          0x0000000008001f68        0x4 c:/st/stm32cubeide_1.6.0/stm32cubeide/plugins/com.st.stm32cube.ide.mcu.externaltools.gnu-tools-for-stm32.9-2020-q2-update.win32_1.5.0.202011040924/tools/bin/../lib/gcc/arm-none-eabi/9.3.1/thumb/v7e-m+fp/hard/crti.o
                0x0000000008001f68                _init
 .init          0x0000000008001f6c        0x8 c:/st/stm32cubeide_1.6.0/stm32cubeide/plugins/com.st.stm32cube.ide.mcu.externaltools.gnu-tools-for-stm32.9-2020-q2-update.win32_1.5.0.202011040924/tools/bin/../lib/gcc/arm-none-eabi/9.3.1/thumb/v7e-m+fp/hard/crtn.o
 *(.fini)
 .fini          0x0000000008001f74        0x4 c:/st/stm32cubeide_1.6.0/stm32cubeide/plugins/com.st.stm32cube.ide.mcu.externaltools.gnu-tools-for-stm32.9-2020-q2-update.win32_1.5.0.202011040924/tools/bin/../lib/gcc/arm-none-eabi/9.3.1/thumb/v7e-m+fp/hard/crti.o
                0x0000000008001f74                _fini
 .fini          0x0000000008001f78        0x8 c:/st/stm32cubeide_1.6.0/stm32cubeide/plugins/com.st.stm32cube.ide.mcu.externaltools.gnu-tools-for-stm32.9-2020-q2-update.win32_1.5.0.202011040924/tools/bin/../lib/gcc/arm-none-eabi/9.3.1/thumb/v7e-m+fp/hard/crtn.o
                0x0000000008001f80                . = ALIGN (0x4)
                0x0000000008001f80                _etext = .

.vfp11_veneer   0x0000000008001f80        0x0
 .vfp11_veneer  0x0000000008001f80        0x0 linker stubs

.v4_bx          0x0000000008001f80        0x0
 .v4_bx         0x0000000008001f80        0x0 linker stubs

.iplt           0x0000000008001f80        0x0
 .iplt          0x0000000008001f80        0x0 c:/st/stm32cubeide_1.6.0/stm32cubeide/plugins/com.st.stm32cube.ide.mcu.externaltools.gnu-tools-for-stm32.9-2020-q2-update.win32_1.5.0.202011040924/tools/bin/../lib/gcc/arm-none-eabi/9.3.1/thumb/v7e-m+fp/hard/crtbegin.o

.rel.dyn        0x0000000008001f80        0x0
 .rel.iplt      0x0000000008001f80        0x0 c:/st/stm32cubeide_1.6.0/stm32cubeide/plugins/com.st.stm32cube.ide.mcu.externaltools.gnu-tools-for-stm32.9-2020-q2-update.win32_1.5.0.202011040924/tools/bin/../lib/gcc/arm-none-eabi/9.3.1/thumb/v7e-m+fp/hard/crtbegin.o

.rodata         0x0000000008001f80        0x0
                0x0000000008001f80                . = ALIGN (0x4)
 *(.rodata)
 *(.rodata*)
                0x0000000008001f80                . = ALIGN (0x4)

.ARM.extab      0x0000000008001f80        0x0
                0x0000000008001f80                . = ALIGN (0x4)
 *(.ARM.extab* .gnu.linkonce.armextab.*)
                0x0000000008001f80                . = ALIGN (0x4)

.ARM            0x0000000008001f80        0x0
                0x0000000008001f80                . = ALIGN (0x4)
                0x0000000008001f80                __exidx_start = .
 *(.ARM.exidx*)
                0x0000000008001f80                __exidx_end = .
                0x0000000008001f80                . = ALIGN (0x4)

.preinit_array  0x0000000008001f80        0x0
                0x0000000008001f80                . = ALIGN (0x4)
                0x0000000008001f80                PROVIDE (__preinit_array_start = .)
 *(.preinit_array*)
                0x0000000008001f80                PROVIDE (__preinit_array_end = .)
                0x0000000008001f80                . = ALIGN (0x4)

.init_array     0x0000000008001f80        0x4
                0x0000000008001f80                . = ALIGN (0x4)
                0x0000000008001f80                PROVIDE (__init_array_start = .)
 *(SORT_BY_NAME(.init_array.*))
 *(.init_array*)
 .init_array    0x0000000008001f80        0x4 c:/st/stm32cubeide_1.6.0/stm32cubeide/plugins/com.st.stm32cube.ide.mcu.externaltools.gnu-tools-for-stm32.9-2020-q2-update.win32_1.5.0.202011040924/tools/bin/../lib/gcc/arm-none-eabi/9.3.1/thumb/v7e-m+fp/hard/crtbegin.o
                0x0000000008001f84                PROVIDE (__init_array_end = .)
                0x0000000008001f84                . = ALIGN (0x4)

.fini_array     0x0000000008001f84        0x4
                0x0000000008001f84                . = ALIGN (0x4)
                [!provide]                        PROVIDE (__fini_array_start = .)
 *(SORT_BY_NAME(.fini_array.*))
 *(.fini_array*)
 .fini_array    0x0000000008001f84        0x4 c:/st/stm32cubeide_1.6.0/stm32cubeide/plugins/com.st.stm32cube.ide.mcu.externaltools.gnu-tools-for-stm32.9-2020-q2-update.win32_1.5.0.202011040924/tools/bin/../lib/gcc/arm-none-eabi/9.3.1/thumb/v7e-m+fp/hard/crtbegin.o
                [!provide]                        PROVIDE (__fini_array_end = .)
                0x0000000008001f88                . = ALIGN (0x4)
                0x0000000008001f88                _sidata = LOADADDR (.data)

.data           0x0000000020000000       0x24 load address 0x0000000008001f88
                0x0000000020000000                . = ALIGN (0x4)
                0x0000000020000000                _sdata = .
 *(.data)
 *(.data*)
 .data.SystemCoreClock
                0x0000000020000000        0x4 D:\IOT\SDK_1.0.3_NUCLEO-F401RE\lib_stm\libLibraries.a(system_stm32f4xx.o)
                0x0000000020000000                SystemCoreClock
 .data.AHBPrescTable
                0x0000000020000004       0x10 D:\IOT\SDK_1.0.3_NUCLEO-F401RE\lib_stm\libLibraries.a(system_stm32f4xx.o)
                0x0000000020000004                AHBPrescTable
 .data.APBAHBPrescTable
                0x0000000020000014       0x10 D:\IOT\SDK_1.0.3_NUCLEO-F401RE\lib_stm\libLibraries.a(stm32f401re_rcc.o)
 *(.RamFunc)
 *(.RamFunc*)
                0x0000000020000024                . = ALIGN (0x4)
                0x0000000020000024                _edata = .

.igot.plt       0x0000000020000024        0x0 load address 0x0000000008001fac
 .igot.plt      0x0000000020000024        0x0 c:/st/stm32cubeide_1.6.0/stm32cubeide/plugins/com.st.stm32cube.ide.mcu.externaltools.gnu-tools-for-stm32.9-2020-q2-update.win32_1.5.0.202011040924/tools/bin/../lib/gcc/arm-none-eabi/9.3.1/thumb/v7e-m+fp/hard/crtbegin.o
                0x0000000020000024                . = ALIGN (0x4)

.bss            0x0000000020000024      0x1cc load address 0x0000000008001fac
                0x0000000020000024                _sbss = .
                0x0000000020000024                __bss_start__ = _sbss
 *(.bss)
 .bss           0x0000000020000024       0x1c c:/st/stm32cubeide_1.6.0/stm32cubeide/plugins/com.st.stm32cube.ide.mcu.externaltools.gnu-tools-for-stm32.9-2020-q2-update.win32_1.5.0.202011040924/tools/bin/../lib/gcc/arm-none-eabi/9.3.1/thumb/v7e-m+fp/hard/crtbegin.o
 *(.bss*)
 .bss._err_measure
                0x0000000020000040        0x4 Kalman_filter/kalman_filter.o
 .bss._err_estimate
                0x0000000020000044        0x4 Kalman_filter/kalman_filter.o
 .bss._q        0x0000000020000048        0x4 Kalman_filter/kalman_filter.o
 .bss._current_estimate
                0x000000002000004c        0x4 Kalman_filter/kalman_filter.o
 .bss._last_estimate
                0x0000000020000050        0x4 Kalman_filter/kalman_filter.o
 .bss._kalman_gain
                0x0000000020000054        0x4 Kalman_filter/kalman_filter.o
 .bss.dwTimeTotal
                0x0000000020000058        0x4 Src/main.o
 .bss.dwTimeInit
                0x000000002000005c        0x4 Src/main.o
 .bss.dwTimeCurrent
                0x0000000020000060        0x4 Src/main.o
 .bss.uhADCConvertedValue
                0x0000000020000064        0x4 Src/main.o
 .bss.pulse_length.7857
                0x0000000020000068        0x2 Src/main.o
 *fill*         0x000000002000006a        0x2 
 .bss.g_pTimerHandle
                0x000000002000006c      0x180 D:\IOT\SDK_1.0.3_NUCLEO-F401RE\lib_stm\libLibraries.a(timer.o)
 .bss.g_wMilSecTickTimer
                0x00000000200001ec        0x4 D:\IOT\SDK_1.0.3_NUCLEO-F401RE\lib_stm\libLibraries.a(timer.o)
 *(COMMON)
                0x00000000200001f0                . = ALIGN (0x4)
                0x00000000200001f0                _ebss = .
                0x00000000200001f0                __bss_end__ = _ebss

._user_heap_stack
                0x00000000200001f0      0x600 load address 0x0000000008001fac
                0x00000000200001f0                . = ALIGN (0x8)
                [!provide]                        PROVIDE (end = .)
                0x00000000200001f0                PROVIDE (_end = .)
                0x00000000200003f0                . = (. + _Min_Heap_Size)
 *fill*         0x00000000200001f0      0x200 
                0x00000000200007f0                . = (. + _Min_Stack_Size)
 *fill*         0x00000000200003f0      0x400 
                0x00000000200007f0                . = ALIGN (0x8)

/DISCARD/
 libc.a(*)
 libm.a(*)
 libgcc.a(*)

.ARM.attributes
                0x0000000000000000       0x30
 *(.ARM.attributes)
 .ARM.attributes
                0x0000000000000000       0x1e c:/st/stm32cubeide_1.6.0/stm32cubeide/plugins/com.st.stm32cube.ide.mcu.externaltools.gnu-tools-for-stm32.9-2020-q2-update.win32_1.5.0.202011040924/tools/bin/../lib/gcc/arm-none-eabi/9.3.1/thumb/v7e-m+fp/hard/crti.o
 .ARM.attributes
                0x000000000000001e       0x34 c:/st/stm32cubeide_1.6.0/stm32cubeide/plugins/com.st.stm32cube.ide.mcu.externaltools.gnu-tools-for-stm32.9-2020-q2-update.win32_1.5.0.202011040924/tools/bin/../lib/gcc/arm-none-eabi/9.3.1/thumb/v7e-m+fp/hard/crtbegin.o
 .ARM.attributes
                0x0000000000000052       0x34 Kalman_filter/kalman_filter.o
 .ARM.attributes
                0x0000000000000086       0x34 Src/main.o
 .ARM.attributes
                0x00000000000000ba       0x21 Startup/startup_stm32f401retx.o
 .ARM.attributes
                0x00000000000000db       0x39 D:\IOT\SDK_1.0.3_NUCLEO-F401RE\lib_stm\libLibraries.a(system_stm32f4xx.o)
 .ARM.attributes
                0x0000000000000114       0x39 D:\IOT\SDK_1.0.3_NUCLEO-F401RE\lib_stm\libLibraries.a(stm32f401re_adc.o)
 .ARM.attributes
                0x000000000000014d       0x39 D:\IOT\SDK_1.0.3_NUCLEO-F401RE\lib_stm\libLibraries.a(stm32f401re_dma.o)
 .ARM.attributes
                0x0000000000000186       0x39 D:\IOT\SDK_1.0.3_NUCLEO-F401RE\lib_stm\libLibraries.a(stm32f401re_gpio.o)
 .ARM.attributes
                0x00000000000001bf       0x39 D:\IOT\SDK_1.0.3_NUCLEO-F401RE\lib_stm\libLibraries.a(stm32f401re_rcc.o)
 .ARM.attributes
                0x00000000000001f8       0x39 D:\IOT\SDK_1.0.3_NUCLEO-F401RE\lib_stm\libLibraries.a(stm32f401re_tim.o)
 .ARM.attributes
                0x0000000000000231       0x39 D:\IOT\SDK_1.0.3_NUCLEO-F401RE\lib_stm\libLibraries.a(timer.o)
 .ARM.attributes
                0x000000000000026a       0x39 D:\IOT\SDK_1.0.3_NUCLEO-F401RE\lib_stm\libLibraries.a(utilities.o)
 .ARM.attributes
                0x00000000000002a3       0x34 c:/st/stm32cubeide_1.6.0/stm32cubeide/plugins/com.st.stm32cube.ide.mcu.externaltools.gnu-tools-for-stm32.9-2020-q2-update.win32_1.5.0.202011040924/tools/bin/../lib/gcc/arm-none-eabi/9.3.1/../../../../arm-none-eabi/lib/thumb/v7e-m+fp/hard\libc_nano.a(lib_a-init.o)
 .ARM.attributes
                0x00000000000002d7       0x1e c:/st/stm32cubeide_1.6.0/stm32cubeide/plugins/com.st.stm32cube.ide.mcu.externaltools.gnu-tools-for-stm32.9-2020-q2-update.win32_1.5.0.202011040924/tools/bin/../lib/gcc/arm-none-eabi/9.3.1/thumb/v7e-m+fp/hard\libgcc.a(_arm_muldf3.o)
 .ARM.attributes
                0x00000000000002f5       0x1e c:/st/stm32cubeide_1.6.0/stm32cubeide/plugins/com.st.stm32cube.ide.mcu.externaltools.gnu-tools-for-stm32.9-2020-q2-update.win32_1.5.0.202011040924/tools/bin/../lib/gcc/arm-none-eabi/9.3.1/thumb/v7e-m+fp/hard\libgcc.a(_arm_addsubdf3.o)
 .ARM.attributes
                0x0000000000000313       0x1e c:/st/stm32cubeide_1.6.0/stm32cubeide/plugins/com.st.stm32cube.ide.mcu.externaltools.gnu-tools-for-stm32.9-2020-q2-update.win32_1.5.0.202011040924/tools/bin/../lib/gcc/arm-none-eabi/9.3.1/thumb/v7e-m+fp/hard\libgcc.a(_arm_truncdfsf2.o)
 .ARM.attributes
                0x0000000000000331       0x1e c:/st/stm32cubeide_1.6.0/stm32cubeide/plugins/com.st.stm32cube.ide.mcu.externaltools.gnu-tools-for-stm32.9-2020-q2-update.win32_1.5.0.202011040924/tools/bin/../lib/gcc/arm-none-eabi/9.3.1/thumb/v7e-m+fp/hard/crtn.o
OUTPUT(ABL_MCU_V1.0.0.elf elf32-littlearm)
LOAD linker stubs
LOAD c:/st/stm32cubeide_1.6.0/stm32cubeide/plugins/com.st.stm32cube.ide.mcu.externaltools.gnu-tools-for-stm32.9-2020-q2-update.win32_1.5.0.202011040924/tools/bin/../lib/gcc/arm-none-eabi/9.3.1/../../../../arm-none-eabi/lib/thumb/v7e-m+fp/hard\libc.a
LOAD c:/st/stm32cubeide_1.6.0/stm32cubeide/plugins/com.st.stm32cube.ide.mcu.externaltools.gnu-tools-for-stm32.9-2020-q2-update.win32_1.5.0.202011040924/tools/bin/../lib/gcc/arm-none-eabi/9.3.1/../../../../arm-none-eabi/lib/thumb/v7e-m+fp/hard\libm.a
LOAD c:/st/stm32cubeide_1.6.0/stm32cubeide/plugins/com.st.stm32cube.ide.mcu.externaltools.gnu-tools-for-stm32.9-2020-q2-update.win32_1.5.0.202011040924/tools/bin/../lib/gcc/arm-none-eabi/9.3.1/thumb/v7e-m+fp/hard\libgcc.a

.debug_info     0x0000000000000000     0x6b5f
 .debug_info    0x0000000000000000      0xac3 Kalman_filter/kalman_filter.o
 .debug_info    0x0000000000000ac3      0xb3c Src/main.o
 .debug_info    0x00000000000015ff       0x22 Startup/startup_stm32f401retx.o
 .debug_info    0x0000000000001621      0x5bb D:\IOT\SDK_1.0.3_NUCLEO-F401RE\lib_stm\libLibraries.a(system_stm32f4xx.o)
 .debug_info    0x0000000000001bdc      0xc5d D:\IOT\SDK_1.0.3_NUCLEO-F401RE\lib_stm\libLibraries.a(stm32f401re_adc.o)
 .debug_info    0x0000000000002839      0x74b D:\IOT\SDK_1.0.3_NUCLEO-F401RE\lib_stm\libLibraries.a(stm32f401re_dma.o)
 .debug_info    0x0000000000002f84      0x62b D:\IOT\SDK_1.0.3_NUCLEO-F401RE\lib_stm\libLibraries.a(stm32f401re_gpio.o)
 .debug_info    0x00000000000035af      0xd5e D:\IOT\SDK_1.0.3_NUCLEO-F401RE\lib_stm\libLibraries.a(stm32f401re_rcc.o)
 .debug_info    0x000000000000430d     0x1c73 D:\IOT\SDK_1.0.3_NUCLEO-F401RE\lib_stm\libLibraries.a(stm32f401re_tim.o)
 .debug_info    0x0000000000005f80      0x922 D:\IOT\SDK_1.0.3_NUCLEO-F401RE\lib_stm\libLibraries.a(timer.o)
 .debug_info    0x00000000000068a2      0x2bd D:\IOT\SDK_1.0.3_NUCLEO-F401RE\lib_stm\libLibraries.a(utilities.o)

.debug_abbrev   0x0000000000000000     0x1111
 .debug_abbrev  0x0000000000000000      0x242 Kalman_filter/kalman_filter.o
 .debug_abbrev  0x0000000000000242      0x1ea Src/main.o
 .debug_abbrev  0x000000000000042c       0x12 Startup/startup_stm32f401retx.o
 .debug_abbrev  0x000000000000043e      0x138 D:\IOT\SDK_1.0.3_NUCLEO-F401RE\lib_stm\libLibraries.a(system_stm32f4xx.o)
 .debug_abbrev  0x0000000000000576      0x194 D:\IOT\SDK_1.0.3_NUCLEO-F401RE\lib_stm\libLibraries.a(stm32f401re_adc.o)
 .debug_abbrev  0x000000000000070a      0x16d D:\IOT\SDK_1.0.3_NUCLEO-F401RE\lib_stm\libLibraries.a(stm32f401re_dma.o)
 .debug_abbrev  0x0000000000000877      0x1bf D:\IOT\SDK_1.0.3_NUCLEO-F401RE\lib_stm\libLibraries.a(stm32f401re_gpio.o)
 .debug_abbrev  0x0000000000000a36      0x1d4 D:\IOT\SDK_1.0.3_NUCLEO-F401RE\lib_stm\libLibraries.a(stm32f401re_rcc.o)
 .debug_abbrev  0x0000000000000c0a      0x19f D:\IOT\SDK_1.0.3_NUCLEO-F401RE\lib_stm\libLibraries.a(stm32f401re_tim.o)
 .debug_abbrev  0x0000000000000da9      0x29a D:\IOT\SDK_1.0.3_NUCLEO-F401RE\lib_stm\libLibraries.a(timer.o)
 .debug_abbrev  0x0000000000001043       0xce D:\IOT\SDK_1.0.3_NUCLEO-F401RE\lib_stm\libLibraries.a(utilities.o)

.debug_aranges  0x0000000000000000      0x8c8
 .debug_aranges
                0x0000000000000000       0x50 Kalman_filter/kalman_filter.o
 .debug_aranges
                0x0000000000000050       0x58 Src/main.o
 .debug_aranges
                0x00000000000000a8       0x28 Startup/startup_stm32f401retx.o
 .debug_aranges
                0x00000000000000d0       0x30 D:\IOT\SDK_1.0.3_NUCLEO-F401RE\lib_stm\libLibraries.a(system_stm32f4xx.o)
 .debug_aranges
                0x0000000000000100      0x148 D:\IOT\SDK_1.0.3_NUCLEO-F401RE\lib_stm\libLibraries.a(stm32f401re_adc.o)
 .debug_aranges
                0x0000000000000248       0xb0 D:\IOT\SDK_1.0.3_NUCLEO-F401RE\lib_stm\libLibraries.a(stm32f401re_dma.o)
 .debug_aranges
                0x00000000000002f8       0x88 D:\IOT\SDK_1.0.3_NUCLEO-F401RE\lib_stm\libLibraries.a(stm32f401re_gpio.o)
 .debug_aranges
                0x0000000000000380      0x198 D:\IOT\SDK_1.0.3_NUCLEO-F401RE\lib_stm\libLibraries.a(stm32f401re_rcc.o)
 .debug_aranges
                0x0000000000000518      0x2f8 D:\IOT\SDK_1.0.3_NUCLEO-F401RE\lib_stm\libLibraries.a(stm32f401re_tim.o)
 .debug_aranges
                0x0000000000000810       0x70 D:\IOT\SDK_1.0.3_NUCLEO-F401RE\lib_stm\libLibraries.a(timer.o)
 .debug_aranges
                0x0000000000000880       0x48 D:\IOT\SDK_1.0.3_NUCLEO-F401RE\lib_stm\libLibraries.a(utilities.o)

.debug_ranges   0x0000000000000000      0x820
 .debug_ranges  0x0000000000000000       0x40 Kalman_filter/kalman_filter.o
 .debug_ranges  0x0000000000000040       0x48 Src/main.o
 .debug_ranges  0x0000000000000088       0x20 Startup/startup_stm32f401retx.o
 .debug_ranges  0x00000000000000a8       0x20 D:\IOT\SDK_1.0.3_NUCLEO-F401RE\lib_stm\libLibraries.a(system_stm32f4xx.o)
 .debug_ranges  0x00000000000000c8      0x138 D:\IOT\SDK_1.0.3_NUCLEO-F401RE\lib_stm\libLibraries.a(stm32f401re_adc.o)
 .debug_ranges  0x0000000000000200       0xa0 D:\IOT\SDK_1.0.3_NUCLEO-F401RE\lib_stm\libLibraries.a(stm32f401re_dma.o)
 .debug_ranges  0x00000000000002a0       0x78 D:\IOT\SDK_1.0.3_NUCLEO-F401RE\lib_stm\libLibraries.a(stm32f401re_gpio.o)
 .debug_ranges  0x0000000000000318      0x188 D:\IOT\SDK_1.0.3_NUCLEO-F401RE\lib_stm\libLibraries.a(stm32f401re_rcc.o)
 .debug_ranges  0x00000000000004a0      0x2e8 D:\IOT\SDK_1.0.3_NUCLEO-F401RE\lib_stm\libLibraries.a(stm32f401re_tim.o)
 .debug_ranges  0x0000000000000788       0x60 D:\IOT\SDK_1.0.3_NUCLEO-F401RE\lib_stm\libLibraries.a(timer.o)
 .debug_ranges  0x00000000000007e8       0x38 D:\IOT\SDK_1.0.3_NUCLEO-F401RE\lib_stm\libLibraries.a(utilities.o)

.debug_macro    0x0000000000000000    0x10405
 .debug_macro   0x0000000000000000       0xec Kalman_filter/kalman_filter.o
 .debug_macro   0x00000000000000ec      0xaae Kalman_filter/kalman_filter.o
 .debug_macro   0x0000000000000b9a       0x22 Kalman_filter/kalman_filter.o
 .debug_macro   0x0000000000000bbc       0x4c Kalman_filter/kalman_filter.o
 .debug_macro   0x0000000000000c08       0x18 Kalman_filter/kalman_filter.o
 .debug_macro   0x0000000000000c20       0x94 Kalman_filter/kalman_filter.o
 .debug_macro   0x0000000000000cb4       0x3c Kalman_filter/kalman_filter.o
 .debug_macro   0x0000000000000cf0       0x34 Kalman_filter/kalman_filter.o
 .debug_macro   0x0000000000000d24      0x174 Kalman_filter/kalman_filter.o
 .debug_macro   0x0000000000000e98       0x16 Kalman_filter/kalman_filter.o
 .debug_macro   0x0000000000000eae       0x43 Kalman_filter/kalman_filter.o
 .debug_macro   0x0000000000000ef1       0x57 Kalman_filter/kalman_filter.o
 .debug_macro   0x0000000000000f48       0x34 Kalman_filter/kalman_filter.o
 .debug_macro   0x0000000000000f7c       0x10 Kalman_filter/kalman_filter.o
 .debug_macro   0x0000000000000f8c       0x58 Kalman_filter/kalman_filter.o
 .debug_macro   0x0000000000000fe4       0x71 Kalman_filter/kalman_filter.o
 .debug_macro   0x0000000000001055       0x1c Kalman_filter/kalman_filter.o
 .debug_macro   0x0000000000001071      0x12a Kalman_filter/kalman_filter.o
 .debug_macro   0x000000000000119b      0x339 Kalman_filter/kalman_filter.o
 .debug_macro   0x00000000000014d4      0x1a9 Kalman_filter/kalman_filter.o
 .debug_macro   0x000000000000167d      0x12a Src/main.o
 .debug_macro   0x00000000000017a7       0x6b Src/main.o
 .debug_macro   0x0000000000001812       0x3b Src/main.o
 .debug_macro   0x000000000000184d       0x8e Src/main.o
 .debug_macro   0x00000000000018db       0x51 Src/main.o
 .debug_macro   0x000000000000192c      0x103 Src/main.o
 .debug_macro   0x0000000000001a2f       0x6a Src/main.o
 .debug_macro   0x0000000000001a99      0x1df Src/main.o
 .debug_macro   0x0000000000001c78       0x34 Src/main.o
 .debug_macro   0x0000000000001cac       0x26 Src/main.o
 .debug_macro   0x0000000000001cd2      0xe43 Src/main.o
 .debug_macro   0x0000000000002b15     0x8018 Src/main.o
 .debug_macro   0x000000000000ab2d      0x2f4 Src/main.o
 .debug_macro   0x000000000000ae21      0x64a Src/main.o
 .debug_macro   0x000000000000b46b      0xcad Src/main.o
 .debug_macro   0x000000000000c118      0x223 Src/main.o
 .debug_macro   0x000000000000c33b       0x22 Src/main.o
 .debug_macro   0x000000000000c35d      0x477 Src/main.o
 .debug_macro   0x000000000000c7d4      0x741 Src/main.o
 .debug_macro   0x000000000000cf15       0xce D:\IOT\SDK_1.0.3_NUCLEO-F401RE\lib_stm\libLibraries.a(system_stm32f4xx.o)
 .debug_macro   0x000000000000cfe3      0xa66 D:\IOT\SDK_1.0.3_NUCLEO-F401RE\lib_stm\libLibraries.a(system_stm32f4xx.o)
 .debug_macro   0x000000000000da49       0x22 D:\IOT\SDK_1.0.3_NUCLEO-F401RE\lib_stm\libLibraries.a(system_stm32f4xx.o)
 .debug_macro   0x000000000000da6b       0xef D:\IOT\SDK_1.0.3_NUCLEO-F401RE\lib_stm\libLibraries.a(system_stm32f4xx.o)
 .debug_macro   0x000000000000db5a      0x14d D:\IOT\SDK_1.0.3_NUCLEO-F401RE\lib_stm\libLibraries.a(stm32f401re_adc.o)
 .debug_macro   0x000000000000dca7      0xca7 D:\IOT\SDK_1.0.3_NUCLEO-F401RE\lib_stm\libLibraries.a(stm32f401re_adc.o)
 .debug_macro   0x000000000000e94e      0x10e D:\IOT\SDK_1.0.3_NUCLEO-F401RE\lib_stm\libLibraries.a(stm32f401re_dma.o)
 .debug_macro   0x000000000000ea5c      0x471 D:\IOT\SDK_1.0.3_NUCLEO-F401RE\lib_stm\libLibraries.a(stm32f401re_dma.o)
 .debug_macro   0x000000000000eecd       0xc3 D:\IOT\SDK_1.0.3_NUCLEO-F401RE\lib_stm\libLibraries.a(stm32f401re_gpio.o)
 .debug_macro   0x000000000000ef90      0x2ee D:\IOT\SDK_1.0.3_NUCLEO-F401RE\lib_stm\libLibraries.a(stm32f401re_gpio.o)
 .debug_macro   0x000000000000f27e      0x18d D:\IOT\SDK_1.0.3_NUCLEO-F401RE\lib_stm\libLibraries.a(stm32f401re_rcc.o)
 .debug_macro   0x000000000000f40b      0x644 D:\IOT\SDK_1.0.3_NUCLEO-F401RE\lib_stm\libLibraries.a(stm32f401re_rcc.o)
 .debug_macro   0x000000000000fa4f       0xe4 D:\IOT\SDK_1.0.3_NUCLEO-F401RE\lib_stm\libLibraries.a(stm32f401re_tim.o)
 .debug_macro   0x000000000000fb33      0x73b D:\IOT\SDK_1.0.3_NUCLEO-F401RE\lib_stm\libLibraries.a(stm32f401re_tim.o)
 .debug_macro   0x000000000001026e       0xe3 D:\IOT\SDK_1.0.3_NUCLEO-F401RE\lib_stm\libLibraries.a(timer.o)
 .debug_macro   0x0000000000010351       0x1c D:\IOT\SDK_1.0.3_NUCLEO-F401RE\lib_stm\libLibraries.a(timer.o)
 .debug_macro   0x000000000001036d       0x16 D:\IOT\SDK_1.0.3_NUCLEO-F401RE\lib_stm\libLibraries.a(timer.o)
 .debug_macro   0x0000000000010383       0x72 D:\IOT\SDK_1.0.3_NUCLEO-F401RE\lib_stm\libLibraries.a(utilities.o)
 .debug_macro   0x00000000000103f5       0x10 D:\IOT\SDK_1.0.3_NUCLEO-F401RE\lib_stm\libLibraries.a(utilities.o)

.debug_line     0x0000000000000000     0x4869
 .debug_line    0x0000000000000000      0x581 Kalman_filter/kalman_filter.o
 .debug_line    0x0000000000000581      0x726 Src/main.o
 .debug_line    0x0000000000000ca7       0x84 Startup/startup_stm32f401retx.o
 .debug_line    0x0000000000000d2b      0x4a0 D:\IOT\SDK_1.0.3_NUCLEO-F401RE\lib_stm\libLibraries.a(system_stm32f4xx.o)
 .debug_line    0x00000000000011cb      0x84b D:\IOT\SDK_1.0.3_NUCLEO-F401RE\lib_stm\libLibraries.a(stm32f401re_adc.o)
 .debug_line    0x0000000000001a16      0x701 D:\IOT\SDK_1.0.3_NUCLEO-F401RE\lib_stm\libLibraries.a(stm32f401re_dma.o)
 .debug_line    0x0000000000002117      0x65e D:\IOT\SDK_1.0.3_NUCLEO-F401RE\lib_stm\libLibraries.a(stm32f401re_gpio.o)
 .debug_line    0x0000000000002775      0x8d2 D:\IOT\SDK_1.0.3_NUCLEO-F401RE\lib_stm\libLibraries.a(stm32f401re_rcc.o)
 .debug_line    0x0000000000003047      0xd2f D:\IOT\SDK_1.0.3_NUCLEO-F401RE\lib_stm\libLibraries.a(stm32f401re_tim.o)
 .debug_line    0x0000000000003d76      0x684 D:\IOT\SDK_1.0.3_NUCLEO-F401RE\lib_stm\libLibraries.a(timer.o)
 .debug_line    0x00000000000043fa      0x46f D:\IOT\SDK_1.0.3_NUCLEO-F401RE\lib_stm\libLibraries.a(utilities.o)

.debug_str      0x0000000000000000    0x4d015
 .debug_str     0x0000000000000000     0x6e25 Kalman_filter/kalman_filter.o
                                       0x6fe4 (size before relaxing)
 .debug_str     0x0000000000006e25    0x43242 Src/main.o
                                      0x46564 (size before relaxing)
 .debug_str     0x000000000004a067       0x31 Startup/startup_stm32f401retx.o
                                         0x54 (size before relaxing)
 .debug_str     0x000000000004a098      0x3ae D:\IOT\SDK_1.0.3_NUCLEO-F401RE\lib_stm\libLibraries.a(system_stm32f4xx.o)
                                      0x3583e (size before relaxing)
 .debug_str     0x000000000004a446      0x7cc D:\IOT\SDK_1.0.3_NUCLEO-F401RE\lib_stm\libLibraries.a(stm32f401re_adc.o)
                                      0x3c852 (size before relaxing)
 .debug_str     0x000000000004ac12      0x563 D:\IOT\SDK_1.0.3_NUCLEO-F401RE\lib_stm\libLibraries.a(stm32f401re_dma.o)
                                      0x38954 (size before relaxing)
 .debug_str     0x000000000004b175      0x188 D:\IOT\SDK_1.0.3_NUCLEO-F401RE\lib_stm\libLibraries.a(stm32f401re_gpio.o)
                                      0x3a690 (size before relaxing)
 .debug_str     0x000000000004b2fd      0xbc0 D:\IOT\SDK_1.0.3_NUCLEO-F401RE\lib_stm\libLibraries.a(stm32f401re_rcc.o)
                                      0x39aa1 (size before relaxing)
 .debug_str     0x000000000004bebd      0xaba D:\IOT\SDK_1.0.3_NUCLEO-F401RE\lib_stm\libLibraries.a(stm32f401re_tim.o)
                                      0x3a911 (size before relaxing)
 .debug_str     0x000000000004c977      0x5f2 D:\IOT\SDK_1.0.3_NUCLEO-F401RE\lib_stm\libLibraries.a(timer.o)
                                      0x39451 (size before relaxing)
 .debug_str     0x000000000004cf69       0xac D:\IOT\SDK_1.0.3_NUCLEO-F401RE\lib_stm\libLibraries.a(utilities.o)
                                       0x3d14 (size before relaxing)

.comment        0x0000000000000000       0xce
 .comment       0x0000000000000000       0x53 Kalman_filter/kalman_filter.o
                                         0x54 (size before relaxing)
 .comment       0x0000000000000053       0x54 Src/main.o
 .comment       0x0000000000000053       0x7b D:\IOT\SDK_1.0.3_NUCLEO-F401RE\lib_stm\libLibraries.a(system_stm32f4xx.o)
                                         0x7c (size before relaxing)
 .comment       0x00000000000000ce       0x7c D:\IOT\SDK_1.0.3_NUCLEO-F401RE\lib_stm\libLibraries.a(stm32f401re_adc.o)
 .comment       0x00000000000000ce       0x7c D:\IOT\SDK_1.0.3_NUCLEO-F401RE\lib_stm\libLibraries.a(stm32f401re_dma.o)
 .comment       0x00000000000000ce       0x7c D:\IOT\SDK_1.0.3_NUCLEO-F401RE\lib_stm\libLibraries.a(stm32f401re_gpio.o)
 .comment       0x00000000000000ce       0x7c D:\IOT\SDK_1.0.3_NUCLEO-F401RE\lib_stm\libLibraries.a(stm32f401re_rcc.o)
 .comment       0x00000000000000ce       0x7c D:\IOT\SDK_1.0.3_NUCLEO-F401RE\lib_stm\libLibraries.a(stm32f401re_tim.o)
 .comment       0x00000000000000ce       0x7c D:\IOT\SDK_1.0.3_NUCLEO-F401RE\lib_stm\libLibraries.a(timer.o)
 .comment       0x00000000000000ce       0x7c D:\IOT\SDK_1.0.3_NUCLEO-F401RE\lib_stm\libLibraries.a(utilities.o)

.debug_frame    0x0000000000000000     0x2784
 .debug_frame   0x0000000000000000      0x11c Kalman_filter/kalman_filter.o
 .debug_frame   0x000000000000011c      0x124 Src/main.o
 .debug_frame   0x0000000000000240       0x74 D:\IOT\SDK_1.0.3_NUCLEO-F401RE\lib_stm\libLibraries.a(system_stm32f4xx.o)
 .debug_frame   0x00000000000002b4      0x5ec D:\IOT\SDK_1.0.3_NUCLEO-F401RE\lib_stm\libLibraries.a(stm32f401re_adc.o)
 .debug_frame   0x00000000000008a0      0x308 D:\IOT\SDK_1.0.3_NUCLEO-F401RE\lib_stm\libLibraries.a(stm32f401re_dma.o)
 .debug_frame   0x0000000000000ba8      0x23c D:\IOT\SDK_1.0.3_NUCLEO-F401RE\lib_stm\libLibraries.a(stm32f401re_gpio.o)
 .debug_frame   0x0000000000000de4      0x774 D:\IOT\SDK_1.0.3_NUCLEO-F401RE\lib_stm\libLibraries.a(stm32f401re_rcc.o)
 .debug_frame   0x0000000000001558      0xe58 D:\IOT\SDK_1.0.3_NUCLEO-F401RE\lib_stm\libLibraries.a(stm32f401re_tim.o)
 .debug_frame   0x00000000000023b0      0x1a8 D:\IOT\SDK_1.0.3_NUCLEO-F401RE\lib_stm\libLibraries.a(timer.o)
 .debug_frame   0x0000000000002558      0x100 D:\IOT\SDK_1.0.3_NUCLEO-F401RE\lib_stm\libLibraries.a(utilities.o)
 .debug_frame   0x0000000000002658       0x2c c:/st/stm32cubeide_1.6.0/stm32cubeide/plugins/com.st.stm32cube.ide.mcu.externaltools.gnu-tools-for-stm32.9-2020-q2-update.win32_1.5.0.202011040924/tools/bin/../lib/gcc/arm-none-eabi/9.3.1/../../../../arm-none-eabi/lib/thumb/v7e-m+fp/hard\libc_nano.a(lib_a-init.o)
 .debug_frame   0x0000000000002684       0x30 c:/st/stm32cubeide_1.6.0/stm32cubeide/plugins/com.st.stm32cube.ide.mcu.externaltools.gnu-tools-for-stm32.9-2020-q2-update.win32_1.5.0.202011040924/tools/bin/../lib/gcc/arm-none-eabi/9.3.1/thumb/v7e-m+fp/hard\libgcc.a(_arm_muldf3.o)
 .debug_frame   0x00000000000026b4       0xac c:/st/stm32cubeide_1.6.0/stm32cubeide/plugins/com.st.stm32cube.ide.mcu.externaltools.gnu-tools-for-stm32.9-2020-q2-update.win32_1.5.0.202011040924/tools/bin/../lib/gcc/arm-none-eabi/9.3.1/thumb/v7e-m+fp/hard\libgcc.a(_arm_addsubdf3.o)
 .debug_frame   0x0000000000002760       0x24 c:/st/stm32cubeide_1.6.0/stm32cubeide/plugins/com.st.stm32cube.ide.mcu.externaltools.gnu-tools-for-stm32.9-2020-q2-update.win32_1.5.0.202011040924/tools/bin/../lib/gcc/arm-none-eabi/9.3.1/thumb/v7e-m+fp/hard\libgcc.a(_arm_truncdfsf2.o)
